Starting Single Run, Sweeps and Corners...

Current time: Sat May  9 17:57:48 2026 
Best design point: 1
Design specs: 
	DETFF_S_TSPC_DET_tb_1	corner	C0_0 - 
	average((VT("/vdd") * IT("/I0/vdd")))		8.483u
	DETFF_S_TSPC_DET_tb_1	corner	C0_1 - 
	average((VT("/vdd") * IT("/I0/vdd")))		8.211u
	DETFF_S_TSPC_DET_tb_1	corner	C0_2 - 
	average((VT("/vdd") * IT("/I0/vdd")))		8.504u
	DETFF_S_TSPC_DET_tb_1	corner	C1 - 
	average((VT("/vdd") * IT("/I0/vdd")))		10.6u
	DETFF_S_TSPC_DET_tb_1	corner	C2 - 
	average((VT("/vdd") * IT("/I0/vdd")))		6.27u
	DETFF_S_TSPC_DET_tb_1	corner	Nominal - 
	average((VT("/vdd") * IT("/I0/vdd")))		8.483u
Design parameters: 

ExplorerRun.0
Number of points completed: 1
Number of simulation errors: 0
ExplorerRun.0 completed. 
Current time: Sat May  9 17:58:12 2026 
