Starting Single Run, Sweeps and Corners...

Current time: Sat May  9 17:34:32 2026 
Best design point: 1
Design specs: 
	DETFF_FS_TSPC_DET_tb_1	corner	C0_0 - 
	average((VT("/vdd") * IT("/I0/vdd")))		3.518u
	DETFF_FS_TSPC_DET_tb_1	corner	C0_1 - 
	average((VT("/vdd") * IT("/I0/vdd")))		3.494u
	DETFF_FS_TSPC_DET_tb_1	corner	C0_2 - 
	average((VT("/vdd") * IT("/I0/vdd")))		3.541u
	DETFF_FS_TSPC_DET_tb_1	corner	C1 - 
	average((VT("/vdd") * IT("/I0/vdd")))		4.115u
	DETFF_FS_TSPC_DET_tb_1	corner	C2 - 
	average((VT("/vdd") * IT("/I0/vdd")))		2.926u
	DETFF_FS_TSPC_DET_tb_1	corner	Nominal - 
	average((VT("/vdd") * IT("/I0/vdd")))		3.518u
Design parameters: 

ExplorerRun.0
Number of points completed: 1
Number of simulation errors: 0
ExplorerRun.0 completed. 
Current time: Sat May  9 17:34:55 2026 
