

  Cadence Quantus Extraction - 64-bit Parasitic Extractor - Version
21.2.2-p045 Fri Sep 23 10:56:50 PDT 2022
---------------------------------------------------------------------------------------------------------------
                                  Copyright 2022 Cadence Design Systems,
Inc.


WARNING (EXTQRCXOPT-440) : For "extracted_view" output the option output_db -cdl_out_map_directory
<name> is not specified. There could be issues with parasitic cross probing
flow if CDL Out Run Dir is not used in the run.
INFO (LBRCXU-108): Starting

 /mnt/cadence_tools/IC23.1/IC/bin/qrcToDfII -extract both -run_name FS_TSPC_DET_copy -check_cell_view TRUE -device_finger_delimiter @ -extracted_view av_extracted -lvs_source agds -cap_models no -capacitor pcapacitor -res_models no -resistor presistor -cap_prop_name c -res_prop_name r -transfer_net_expression TRUE -t -extview_tmp /tmp/qrc_213944/FS_TSPC_DET_copy/extview.tmp -run_dir /tmp/qrc_213944/FS_TSPC_DET_copy -cdslib /home/redhatacademy7/cds.lib -lib_name DETFF -cell_name FS_TSPC_DET_copy -view_name layout -extview_rul /mnt/cadence_tools/gpdk045_v_6_0/pvs/extview.rul -server /mnt/cadence_tools/hotfixquantus/QUANTUS212/tools.lnx86/extraction/bin/64bit//../shapeServer
Checkout succeeded: 111/7F4AA659821D49C97DFB
	License file: 5280@172.16.201.225
	License Server: 5280@172.16.201.225
Virtuoso Framework License (111) was checked out successfully. Total checkout time was 0.01s.
Checkout succeeded: Virtuoso_Adv_Node_Framework/1F4A36F95539B91720EB
	License file: 5280@172.16.201.225
	License Server: 5280@172.16.201.225
device        g45n1svt  M          _nmos1v          nmos1v  ivpcell     gpdk045  D G S B
Loading gpdk045/libInit.il ...
	Loading gpdk045/loadCxt.ile ... done!
	Loading context 'gpdk045' from library 'gpdk045' ... done!
	Loading context 'pdkUtils' from library 'gpdk045' ... done!
	Loading gpdk045/gpdk045_customFilter.il ... done!
	Loading gpdk045/libInitCustomExit.il ... 
	Loading Environment Settings ...
	Loading gpdk045/gpdk045_PDKRegistrations.il ... done!

  *************************************************************           
  *              Cadence Design Systems, Inc.                 *           
  *                                                           *           
  *                    Generic 45nm PDK                       *           
  *                        (gpdk045)                          *           
  *                                                           *           
  *************************************************************           
	

	VERSION: 6.0 (09-September-2019)

done!
Loaded gpdk045/libInit.il successfully!
device        g45n1hvt  M      _nmos1v_hvt      nmos1v_hvt  ivpcell     gpdk045  D G S B
device        g45n1lvt  M      _nmos1v_lvt      nmos1v_lvt  ivpcell     gpdk045  D G S B
device        g45n1nvt  M  _nmos_12_native      nmos1v_nat  ivpcell     gpdk045  D G S B
device        g45n2svt  M         _nmos_25          nmos2v  ivpcell     gpdk045  D G S B
device        g45n2nvt  M  _nmos_25_native      nmos2v_nat  ivpcell     gpdk045  D G S B
device        g45ncap1  M       _nmoscap1v       nmoscap1v  ivpcell     gpdk045  D G S B
device        g45ncap2  M       _nmoscap2v       nmoscap2v  ivpcell     gpdk045  D G S B
device        g45p1svt  M          _pmos1v          pmos1v  ivpcell     gpdk045  D G S B
device        g45p1hvt  M      _pmos1v_hvt      pmos1v_hvt  ivpcell     gpdk045  D G S B
device        g45p1lvt  M      _pmos1v_lvt      pmos1v_lvt  ivpcell     gpdk045  D G S B
device        g45p2svt  M          _pmos2v          pmos2v  ivpcell     gpdk045  D G S B
device        g45pcap1  M       _pmoscap1v       pmoscap1v  ivpcell     gpdk045  D G S B
device        g45pcap2  M       _pmoscap2v       pmoscap2v  ivpcell     gpdk045  D G S B
device          g45rm1  R           _resm1           resm1  ivpcell     gpdk045  PLUS MINUS
device          g45rm2  R           _resm2           resm2  ivpcell     gpdk045  PLUS MINUS
device          g45rm3  R           _resm3           resm3  ivpcell     gpdk045  PLUS MINUS
device          g45rm4  R           _resm4           resm4  ivpcell     gpdk045  PLUS MINUS
device          g45rm5  R           _resm5           resm5  ivpcell     gpdk045  PLUS MINUS
device          g45rm6  R           _resm6           resm6  ivpcell     gpdk045  PLUS MINUS
device          g45rm7  R           _resm7           resm7  ivpcell     gpdk045  PLUS MINUS
device          g45rm8  R           _resm8           resm8  ivpcell     gpdk045  PLUS MINUS
device          g45rm9  R           _resm9           resm9  ivpcell     gpdk045  PLUS MINUS
device         g45rm10  R          _resm10          resm10  ivpcell     gpdk045  PLUS MINUS
device         g45rm11  R          _resm11          resm11  ivpcell     gpdk045  PLUS MINUS
device         g45rsnd  R       _ressndiff       ressndiff  ivpcell     gpdk045  PLUS MINUS B
device        g45rnsnd  R      _resnsndiff      resnsndiff  ivpcell     gpdk045  PLUS MINUS B
device         g45rsnp  R       _ressnpoly       ressnpoly  ivpcell     gpdk045  PLUS MINUS B
device         g45rsnp  R    _ressnpoly_nw       ressnpoly  ivpcell     gpdk045  PLUS MINUS B
device        g45rnsnp  R      _resnsnpoly      resnsnpoly  ivpcell     gpdk045  PLUS MINUS B
device        g45rnsnp  R   _resnsnpoly_nw      resnsnpoly  ivpcell     gpdk045  PLUS MINUS B
device         g45rspd  R       _resspdiff       resspdiff  ivpcell     gpdk045  PLUS MINUS B
device        g45rnspd  R      _resnspdiff      resnspdiff  ivpcell     gpdk045  PLUS MINUS B
device         g45rspp  R       _ressppoly       ressppoly  ivpcell     gpdk045  PLUS MINUS B
device         g45rspp  R    _ressppoly_nw       ressppoly  ivpcell     gpdk045  PLUS MINUS B
device        g45rnspp  R      _resnsppoly      resnsppoly  ivpcell     gpdk045  PLUS MINUS B
device        g45rnspp  R   _resnsppoly_nw      resnsppoly  ivpcell     gpdk045  PLUS MINUS B
device         g45rnws  R        _resnwsti        resnwsti  ivpcell     gpdk045  PLUS MINUS B
device         g45rnwo  R      _resnwoxide      resnwoxide  ivpcell     gpdk045  PLUS MINUS B
device       g45nd1svt  D            _ndio            ndio  ivpcell     gpdk045  PLUS MINUS
device       g45nd1lvt  D        _ndio_lvt        ndio_lvt  ivpcell     gpdk045  PLUS MINUS
device       g45nd1hvt  D        _ndio_hvt        ndio_hvt  ivpcell     gpdk045  PLUS MINUS
device       g45nd1nvt  D        _ndio_nvt        ndio_nvt  ivpcell     gpdk045  PLUS MINUS
device       g45nd2svt  D         _ndio_2v         ndio_2v  ivpcell     gpdk045  PLUS MINUS
device       g45nd2nvt  D     _ndio_2v_nvt     ndio_2v_nvt  ivpcell     gpdk045  PLUS MINUS
device       g45pd1svt  D            _pdio            pdio  ivpcell     gpdk045  PLUS MINUS
device       g45pd1lvt  D        _pdio_lvt        pdio_lvt  ivpcell     gpdk045  PLUS MINUS
device       g45pd1hvt  D        _pdio_hvt        pdio_hvt  ivpcell     gpdk045  PLUS MINUS
device       g45pd2svt  D         _pdio_2v         pdio_2v  ivpcell     gpdk045  PLUS MINUS
device        g45vpnp2  Q           _vpnp2           vpnp2  ivpcell     gpdk045  C B E
device        g45vpnp5  Q           _vpnp5           vpnp5  ivpcell     gpdk045  C B E
device       g45vpnp10  Q          _vpnp10          vpnp10  ivpcell     gpdk045  C B E
device        g45vnpn2  Q            _npn2            npn2  ivpcell     gpdk045  C B E
device        g45vnpn5  Q            _npn5            npn5  ivpcell     gpdk045  C B E
device       g45vnpn10  Q           _npn10           npn10  ivpcell     gpdk045  C B E
device         g45cmim  C          _mimcap          mimcap  ivpcell     gpdk045  PLUS MINUS B
device         g45inda  X           _ind_a           ind_a  ivpcell     gpdk045  PLUS MINUS B
device         g45inds  X           _ind_s           ind_s  ivpcell     gpdk045  PLUS MINUS B

All device symbols for the extracted view are present.

INFO (LBRCXU-114): Finished /mnt/cadence_tools/IC23.1/IC/bin/qrcToDfII

INFO (LBRCXM-642): Constructing the RCX run script

Forking: agdsPrep -V -rundir /home/redhatacademy7/DETFF/FS_TSPC_DET_copy/lvs/svdb -agf /home/redhatacademy7/DETFF/FS_TSPC_DET_copy/lvs/svdb/FS_TSPC_DET_copy.agf -outdir /tmp/qrc_213944/FS_TSPC_DET_copy -sch -df2 -e /home/redhatacademy7/DETFF/FS_TSPC_DET_copy/lvs/svdb/FS_TSPC_DET_copy.gds.map:FS_TSPC_DET_copy.alm,FS_TSPC_DET_copy.ilf -pl FS_TSPC_DET_copy.ports -mcell /tmp/qrc_213944/FS_TSPC_DET_copy/FS_TSPC_DET_copy.hcl -d FS_TSPC_DET_copy.devtab -l /home/redhatacademy7/DETFF/FS_TSPC_DET_copy/lvs/svdb/FS_TSPC_DET_copy.lvsfile -i FS_TSPC_DET_copy.ixf,FS_TSPC_DET_copy.lph,FS_TSPC_DET_copy.sph:FS_TSPC_DET_copy.gdx -n FS_TSPC_DET_copy.nxf,FS_TSPC_DET_copy.stl:FS_TSPC_DET_copy.gnx -s FS_TSPC_DET_copy_pin_xy.spi:FS_TSPC_DET_copy.xcn,hccidtmfile

agdsPrep took  0.00 user, 0.00 sys, 0.00 elapsed, 16028.0 kbytes
Forking:  capgen -techdir /mnt/cadence_tools/gpdk045_v_6_0/qrc/typical -inc /tmp/qrc_213944/FS_TSPC_DET_copy/FS_TSPC_DET_copy.ilf -lvs /tmp/qrc_213944/FS_TSPC_DET_copy/FS_TSPC_DET_copy.xcn -lvsvia -p2lvs /mnt/cadence_tools/gpdk045_v_6_0/qrc/typical/qrcTechFile -reseqn -sw3d -p poly_conn,allGate,Oxide -canonical_res_caps -length_units meters -exclude_gate_res -cap_ground_layer psubstrate /tmp/qrc_213944/FS_TSPC_DET_copy

INFO (LBMISC-215205): 
*** Cadence Quantus Extraction Techgen -trans VERSION 21.2.2 Linux 64 bit - (Fri Sep 23 10:27:37 PDT 2022)  ***


INFO (CAPGEN-41199): 


Techgen -trans results will be written to directory: /tmp/qrc_213944/FS_TSPC_DET_copy

INFO (CAPGEN-41737): Lvs connect layers Bondpad CapMetal Nburied ind10 ind11 ind_ct npn_emit pnp_emit are not mapped in layer_setup file

INFO (CAPGEN-41809):  Lvs connect via bp_tap via10_cap via10_nocap ind_via_diva via10_nodev Via9 Via8 Via7 Via6 Via5 Via4 Via3 Via2 Via1 cont_poly cont_pdiff cont_ndiff ptap ntap nb_tap are not mapped in layer_setup file.

rcxspice took  0.30 user, 0.04 sys, 0.00 elapsed, 99012.0 kbytes
The supplied design data will be treated as a HIERARCHICAL design

Successfully created RCX script '/tmp/qrc_213944/FS_TSPC_DET_copy/rcx.sh'
Checkout succeeded: Virtuoso_QRC_Extraction_XL/EF4A1609CB76F10B6350
	License file: 5280@172.16.201.225
	License Server: 5280@172.16.201.225
INFO (LBRCXM-581): Checked out '1' license(s) of QTS300 21.20

INFO (LBRCXM-608): Executing command
   /bin/ksh  /tmp/qrc_213944/FS_TSPC_DET_copy/rcx.sh

##=======================================================
##ADD_EXPLICIT_VIAS=N
##ADD_BULK_TERMINAL=N
##AGDS_FILE=/dev/null
##AGDS_LAYER_MAP_FILE=/home/redhatacademy7/DETFF/FS_TSPC_DET_copy/lvs/svdb/FS_TSPC_DET_copy.gds.map
##HCCI_DEV_PROP_FILE=/dev/null
##AGDS_SPICE_FILE=/dev/null
##AGDS_TEXT_LAYERS=
##ARRAY_VIAS_SPACING=
##ASSURA_RUN_DIR=.
##ASSURA_RUN_NAME=run1
##BLACK_BOX_CELLS=/dev/null
##BREAK_WIDTH=
##CAP_COUPLING_FACTOR=1.0
##CAP_EXTRACT_MODE=decoupled
##CAP_GROUND=gnd
##CAP_MODELS=yes
##DANGLINGR=N
##DENSITY_CHECK_METHOD=P
##DELETE_OUTPUT_FILE=N
##DEVICE_FINGER_DELIMITER='@'
##DF2=Y
##DRACULA_RUN_DIR=
##DRACULA_RUN_NAME=
##ENABLESENSITIVITYEXTRACTION=N
##EXCLUDE_FLOAT_LIMIT=
##EXCLUDE_FLOAT_DECOPULING_FACTOR=
##EXCLUDE_FLOATING_NETS=N
##EXCLUDE_NETS_REDUCERC=/dev/null
##EXCLUDE_SELF_CAPS=N
##IGNORE_GATE_DIFFUSION_FRINGING_CAP=Y
##EXTRACT=both
##EXTRACT_MOS_DIFFUSION_AP=N
##EXTRACT_MOS_DIFFUSION_HIGH=
##EXTRACT_MOS_DIFFUSION_RES=N
##FILTER_SIZE=2.0
##FIXED_NETS_FILE=/dev/null
##FMAX=
##FRACTURE_LENGTH_UNITS=MICRONS
##FREQUENCY_FILE=/dev/null
##GROUND_NETS=
##GROUND_NETS_FILE=/dev/null
##GROUND_SUBSTRATE_FLOATING_NETS=N
##HCCI_DEV_PROP=7
##HCCI_INST_PROP=6
##HCCI_NET_PROP=5
##HCCI_RULE_FILE=
##HCCI_RUN_DIR=/home/redhatacademy7/DETFF/FS_TSPC_DET_copy/lvs/svdb
##HCCI_RUN_NAME=FS_TSPC_DET_copy
##HEADER_FILE=/dev/null
##HIERARCHY_DELIMITER='/'
##OUTPUT_HIERARCHY_DELIMITER='/'
##HRCX_CELLS_FILE=/dev/null
##IMPORT_GLOBALS=Y
##LADDER_NETWORK=N
##LVS_SOURCE=hcci
##M_FACTORR=
##M_FACTORW=N
##MACRO_CELL=N
##MAX_FRACTURE_LENGTH=infinite
##MAX_SIGNALS=
##MERGE_PARALLEL_R=N
##MERGE_PARALLEL_VIA=N
##MINC=
##MINC_BY_PERCENTAGE=
##MINR=0.001
##NET_NAME_SPACE=layout
##NETS_FILE=/dev/null
##OUTPUT=/tmp/qrc_213944/FS_TSPC_DET_copy/extview.tmp
##OUTPUT_NET_NAME_SPACE=schematic
##PARASITIC_BLOCKING_DEVICE_CELLS_TYPE=gray
##PARASITIC_CAP_MODELS=no
##PARASITIC_RES_MODELS=comment
##PARASITIC_RES_LENGTH=N
##PARASITIC_RES_WIDTH=Y
##PARASITIC_RES_WIDTH_DRAWN=N
##PARASITIC_RES_UNIT=N
##PARTIAL_CAP_BLOCKING=N
##PEEC=N
##PIN_ORDER_FILE=/dev/null
##PIPE_ADVGEN=
##PIPE_SPICE2DB=
##POWER_NETS=
##POWER_NETS_FILE=/dev/null
##RC_FREQUENCY=
##RCXDIR=/tmp/qrc_213944/FS_TSPC_DET_copy
##RCXFS_HIGH=N
##RCXFS_NETS_FILE=
##RCXFS_TYPE=none
##RCXFS_CUTOFF_DISTANCE=
##RCXFS_CUTOFF_DISTANCE=
##RCXFS_CUTOFF_DISTANCE=
##RCXFS_CUTOFF_DISTANCE=
##RCXFS_CUTOFF_DISTANCE=
##RCXFS_VIA_OFF=N
##REDUCERC=N
##REGION_LIMIT=
##RES_MODELS=yes
##RISE_TIME=
##SAVE_FILL_SHAPES=N
##SINGLE_CAP_EDSPF=N
##SHOW_DIODES=N
##SKIN_FREQUENCY=
##SPEF=N
##SPEF_UNITS=
##SPLIT_PINS=N
##FORCE_SUBCELL_PIN_ORDERS=N
##SPLIT_PINS_DISTANCE=
##SUB_NODE_CHAR='#'
##SUBSTRATE_PROFILE=/dev/null
##SUBSTRATE_STAMPING_OFF=N
##TEMPDIR=/tmp/qrc_213944/FS_TSPC_DET_copy/rcx_temp
##TEMPERATURE=25.0
##TYPE=full
##USER_REGION=/dev/null
##VARIANT_CELL_FILE=/dev/null
##VIA_EFFECT_OFF=N
##VIRTUAL_FILL=
##XREF=/tmp/qrc_213944/FS_TSPC_DET_copy/FS_TSPC_DET_copy.gnx,/tmp/qrc_213944/FS_TSPC_DET_copy/FS_TSPC_DET_copy.gdx
##XY_COORDINATES=c,r
##=======================================================

CASE_SENSITIVE=TRUE
export CASE_SENSITIVE
QRC_MOS_LW_PRECISION=y
export QRC_MOS_LW_PRECISION
TEMPDIR=`setTempDir /tmp/qrc_213944/FS_TSPC_DET_copy/rcx_temp`
setTempDir /tmp/qrc_213944/FS_TSPC_DET_copy/rcx_temp
export TEMPDIR
DEVICE_FINGER_DELIMITER='@'
HIERARCHY_DELIMITER='/'
OUTPUT_HIERARCHY_DELIMITER='/'
cd /tmp/qrc_213944/FS_TSPC_DET_copy
cat <<ENDCAT> caps2dversion
* caps2d version: 10
ENDCAT
cat <<ENDCAT> flattransUnit.info
meters
ENDCAT
QRC=Y
export QRC

#==========================================================#
# Generate RCX input data from annotated GDS2 database
#==========================================================#

agds2rcx -V -H satfile -r \
	/tmp/qrc_213944/FS_TSPC_DET_copy/FS_TSPC_DET_copy.xcn \
	-split_float_exclude_layers \
	ndiff_0conn,pdiff_0conn,nwell_0conn,psubstrate -crundir \
	/home/redhatacademy7/DETFF/FS_TSPC_DET_copy/lvs/svdb -unit meters \
	-df2 -xgl -pl FS_TSPC_DET_copy.ports -f FS_TSPC_DET_copy.alm -lnn \
	FS_TSPC_DET_copy.lnn -pnet 5 -pinst 6 -pdev 7 FS_TSPC_DET_copy.agf \
	FS_TSPC_DET_copy_pin_xy.spi

WARNING (AGDSEXT-30124): The <design>.props file is not available. The CCL option "input_db calibre/pvs/pegasus -design_properties_file <filename>" can be used to specify the .props file. 

	***************************************************
	*			  			  *
	* Copyright (c) 2026 Cadence Design Systems, Inc. *
	*		All Rights Reserved		  *
	*			  			  *
	*	  THIS IS UNPUBLISHED PROPRIETARY	  *
	*  INFORMATION OF Cadence Design Systems, Inc. 	  *
	*	   THE COPYRIGHT NOTICE DOES NOT	  *
	*	       EVIDENCE PUBLICATION		  *
	*			  			  *
	***************************************************
INFO (AGDSEXT-30016): 
setting dbunit 5e-10 1 5e-10

agds2rcx took 0.01 user, 0.05 sys, 0.00 elapsed, 17916.0 kbytes
#==========================================================#
# Calculate erosion tables for specified process layers
#==========================================================#

densitymap -V -TC -O metal2_conn.den metal2_conn_tile_spec metal2_0conn
densitymap took 0.00 user, 0.00 sys, 0.00 elapsed, 6512.0 kbytes
densitymap -V -TC -O metal1_conn.den metal1_conn_tile_spec metal1_0conn
densitymap took 0.00 user, 0.00 sys, 0.00 elapsed, 6452.0 kbytes
/bin/cp _0nmos1v _0nmos1v_orig
geom _0nmos1v ndiff_0conn - _0nmos1v,10,i,1
/bin/cp _0pmos1v _0pmos1v_orig
geom _0pmos1v pdiff_0conn - _0pmos1v,10,i,1

#==========================================================#
# Generate power list
#==========================================================#

cat global.net > power_list
/bin/mv -f nwell_0conn nwell_0conn_orig
epick nwell_0conn_orig nwell_0conn
/bin/mv -f psubstrate psubstrate_orig
epick psubstrate_orig psubstrate

#==========================================================#
# Ensure vias do not extend beyond routing
#==========================================================#

geom -V Via1 metal2_0conn metal1_0conn - Via1,111,i,2
geom took  0.00 user, 0.00 sys, 0.00 elapsed, 7644.0 kbytes
geom -V cont_0poly metal1_0conn poly_0conn - cont_0poly,111,i,2
geom took  0.00 user, 0.00 sys, 0.00 elapsed, 7600.0 kbytes
geom -V cont_0pdiff metal1_0conn pdiff_0conn - cont_0pdiff_metal1_0conn_pdiff_0conn,111,i,2
geom took  0.00 user, 0.00 sys, 0.00 elapsed, 7644.0 kbytes
geom -V cont_0ndiff metal1_0conn ndiff_0conn - cont_0ndiff_metal1_0conn_ndiff_0conn,111,i,2
geom took  0.00 user, 0.00 sys, 0.00 elapsed, 7468.0 kbytes
geom -V ptap pdiff_0conn psubstrate - ptap,111,i,2
geom took  0.00 user, 0.00 sys, 0.00 elapsed, 7288.0 kbytes
geom -V ntap ndiff_0conn nwell_0conn - ntap,111,i,2
geom took  0.00 user, 0.00 sys, 0.00 elapsed, 7276.0 kbytes
/bin/mv -f nwell_0conn_orig nwell_0conn
/bin/mv -f psubstrate_orig psubstrate

#==========================================================#
# Flatten net file, routing, via and device layers
#==========================================================#

SAVEDIR=`beginFlattenInputs`
beginFlattenInputs
export SAVEDIR
/bin/mv -f NET h_NET
flatnet -V -li -h '/' h_NET NET
flatnet took 0.00 user, 0.00 sys, 0.00 elapsed, 15032.0 kbytes
netprint -V -N1 power_list:power_list_nums NET
flattenTransistorData _0nmos1v meters
flattub took  0.00 user, 0.00 sys, 0.00 elapsed, 7460.0 kbytes
flatnet took 0.00 user, 0.00 sys, 0.00 elapsed, 14792.0 kbytes
flattrans took 0.00 user, 0.00 sys, 0.00 elapsed, 6608.0 kbytes
flattenTransistorData _0pmos1v meters
flattub took  0.00 user, 0.00 sys, 0.00 elapsed, 7508.0 kbytes
flatnet took 0.00 user, 0.00 sys, 0.00 elapsed, 14868.0 kbytes
flattrans took 0.00 user, 0.00 sys, 0.00 elapsed, 6524.0 kbytes
flattenLayers -m cont_0pdiff cont_0ndiff metal2_0conn metal1_0conn poly_0conn \
	ndiff_0conn pdiff_0conn nwell_0conn psubstrate Via1 cont_0poly \
	cont_0pdiff_metal1_0conn_pdiff_0conn \
	cont_0ndiff_metal1_0conn_ndiff_0conn ptap ntap _0nmos1v_orig \
	_0pmos1v_orig
flattub took  0.00 user, 0.00 sys, 0.00 elapsed, 7808.0 kbytes
endFlattenInputs

#==========================================================#
# Initialize CAP_GROUND variable
#==========================================================#

CAP_GROUND=`findCapGround -g gnd -l psubstrate NET`
findCapGround -g gnd -l psubstrate NET
echo "CAP_GROUND=" ${CAP_GROUND}
CAP_GROUND= 4
export CAP_GROUND
echo ${CAP_GROUND} > cgnetfile
netprint -n cgnetfile:gn_summary.log NET
reconnect -cgnd ${CAP_GROUND} -float floatlvsnetsfile -tf _0nmos1v,_0pmos1v \
	-probe \
	text_metal1_0conn:metal1_0conn:text_metal1_0conn_fvia,text_metal2_0conn:metal2_0conn:text_metal2_0conn_fvia
iprint -count floatlvsnetsfile > floatlvsnetsfile.txt
geom _0nmos1v,_0pmos1v - qrcgate,1,i,1
iprint -count floatlvsnetsfile > input_nets_summary.log
iprint -imerge power_list_nums floatlvsnetsfile power_list_nums2
mv power_list_nums power_list_nums_orig
cp power_list_nums2 power_list_nums 

#==========================================================#
# Segregate interconnect into resistive and non-resistive
#==========================================================#

selectNetsByNumber power_list_nums metal1_0conn p_rmetal1_0conn np_rmetal1_0conn
epick took  0.00 user, 0.00 sys, 0.00 elapsed, 6808.0 kbytes
selectNetsByNumber power_list_nums metal2_0conn p_rmetal2_0conn np_rmetal2_0conn
epick took  0.00 user, 0.00 sys, 0.00 elapsed, 6712.0 kbytes
selectNetsByNumber power_list_nums ndiff_0conn p_rndiff_0conn np_rndiff_0conn
epick took  0.00 user, 0.00 sys, 0.00 elapsed, 6580.0 kbytes
selectNetsByNumber power_list_nums nwell_0conn p_rnwell_0conn np_rnwell_0conn
epick took  0.00 user, 0.00 sys, 0.00 elapsed, 6580.0 kbytes
selectNetsByNumber power_list_nums pdiff_0conn p_rpdiff_0conn np_rpdiff_0conn
epick took  0.00 user, 0.00 sys, 0.00 elapsed, 6580.0 kbytes
selectNetsByNumber power_list_nums poly_0conn p_rpoly_0conn np_rpoly_0conn
epick took  0.00 user, 0.00 sys, 0.00 elapsed, 6732.0 kbytes
selectNetsByNumber power_list_nums psubstrate p_rpsubstrate np_rpsubstrate
epick took  0.00 user, 0.00 sys, 0.00 elapsed, 6688.0 kbytes
selectNetsByNumber power_list_nums Via1 p_rVia1 np_rVia1
epick took  0.00 user, 0.00 sys, 0.00 elapsed, 6800.0 kbytes
selectNetsByNumber power_list_nums cont_0poly p_rcont_0poly np_rcont_0poly
epick took  0.00 user, 0.00 sys, 0.00 elapsed, 6752.0 kbytes
mv power_list_nums_orig power_list_nums

#==========================================================#
# Create resistor cut regions between resistive
# interconnect levels
#==========================================================#

mergevia -V -tech /mnt/cadence_tools/gpdk045_v_6_0/qrc/typical -cnt np_rVia1 \
	rVia1 - np_rmetal2_0conn np_rmetal1_0conn
mergevia took 0.06 user, 0.00 sys, 0.00 elapsed, 42800.0 kbytes
cp rVia1 rVia1_orig
mergevia -V -tech /mnt/cadence_tools/gpdk045_v_6_0/qrc/typical -cnt \
	np_rcont_0poly rcont_0poly - np_rmetal1_0conn np_rpoly_0conn
mergevia took 0.06 user, 0.00 sys, 1.00 elapsed, 42184.0 kbytes
cp rcont_0poly rcont_0poly_orig

#==========================================================#
# Create resistive interconnect MOSFET terminals
#==========================================================#

createNRMosfetGateTerminal _0nmos1v np_rpoly_0conn _0nmos1v_mgvia
createNRMosfetGateTerminal _0pmos1v np_rpoly_0conn _0pmos1v_mgvia

#==========================================================#
# Assign net numbers to cut regions
#==========================================================#

/bin/mv -f np_rnwell_0conn np_rnwell_0conn.conn_orig
createEmptyLayer np_rnwell_0conn
/bin/mv -f np_rpsubstrate np_rpsubstrate.conn_orig
createEmptyLayer np_rpsubstrate
connect -V -relocate NET np_rndiff_0conn:np_rndiff_0conn.conn \
	np_rpdiff_0conn:np_rpdiff_0conn.conn \
	np_rnwell_0conn:np_rnwell_0conn.conn \
	np_rpsubstrate:np_rpsubstrate.conn rVia1 rcont_0poly _0nmos1v_mgvia \
	_0pmos1v_mgvia - ntap,1,3 ptap,2,4 -

connect took  0.00 user, 0.00 sys, 0.00 elapsed, 275368.0 kbytes
#==========================================================#
# Assign net numbers to resistor vias
#==========================================================#

geom -V cont_0ndiff_metal1_0conn_ndiff_0conn np_rndiff_0conn.conn - tmp_rcont_0ndiff_metal1_0conn_ndiff_0conn,11,i,2
geom took  0.00 user, 0.00 sys, 0.00 elapsed, 7308.0 kbytes
mergevia -V -i -tech /mnt/cadence_tools/gpdk045_v_6_0/qrc/typical -cnt \
	tmp_rcont_0ndiff_metal1_0conn_ndiff_0conn \
	rcont_0ndiff_metal1_0conn_ndiff_0conn - np_rmetal1_0conn \
	np_rndiff_0conn
mergevia took 0.09 user, 0.02 sys, 0.00 elapsed, 42812.0 kbytes
cp rcont_0ndiff_metal1_0conn_ndiff_0conn rcont_0ndiff_metal1_0conn_ndiff_0conn_orig
/bin/rm -f tmp_rcont_0ndiff_metal1_0conn_ndiff_0conn
geom -V cont_0pdiff_metal1_0conn_pdiff_0conn np_rpdiff_0conn.conn - tmp_rcont_0pdiff_metal1_0conn_pdiff_0conn,11,i,2
geom took  0.00 user, 0.00 sys, 0.00 elapsed, 7160.0 kbytes
mergevia -V -i -tech /mnt/cadence_tools/gpdk045_v_6_0/qrc/typical -cnt \
	tmp_rcont_0pdiff_metal1_0conn_pdiff_0conn \
	rcont_0pdiff_metal1_0conn_pdiff_0conn - np_rmetal1_0conn \
	np_rpdiff_0conn
mergevia took 0.08 user, 0.01 sys, 0.00 elapsed, 43380.0 kbytes
cp rcont_0pdiff_metal1_0conn_pdiff_0conn rcont_0pdiff_metal1_0conn_pdiff_0conn_orig
/bin/rm -f tmp_rcont_0pdiff_metal1_0conn_pdiff_0conn

#==========================================================#
# Assign net numbers to nonresistive layers
#==========================================================#

epick -V -reo -e rcont_0ndiff_metal1_0conn_ndiff_0conn -e \
	rcont_0pdiff_metal1_0conn_pdiff_0conn np_rndiff_0conn.conn \
	tmp_ndiff_0conn
epick took  0.00 user, 0.00 sys, 0.00 elapsed, 6596.0 kbytes
epick -V -reo -e tmp_ndiff_0conn -c np_rndiff_0conn.conn tmp1_ndiff_0conn
epick took  0.00 user, 0.00 sys, 0.00 elapsed, 6652.0 kbytes
geom -V tmp1_ndiff_0conn np_rndiff_0conn - tmp1_ndiff_0conn,11,i,2
geom took  0.00 user, 0.00 sys, 0.00 elapsed, 7248.0 kbytes
geom -V tmp_ndiff_0conn,tmp1_ndiff_0conn - np_rndiff_0conn,1,i,1
geom took  0.00 user, 0.00 sys, 0.00 elapsed, 7160.0 kbytes
/bin/rm -f tmp_ndiff_0conn tmp1_ndiff_0conn
epick -V -reo -e rcont_0ndiff_metal1_0conn_ndiff_0conn -e \
	rcont_0pdiff_metal1_0conn_pdiff_0conn np_rpdiff_0conn.conn \
	tmp_pdiff_0conn
epick took  0.00 user, 0.00 sys, 0.00 elapsed, 6584.0 kbytes
epick -V -reo -e tmp_pdiff_0conn -c np_rpdiff_0conn.conn tmp1_pdiff_0conn
epick took  0.00 user, 0.00 sys, 0.00 elapsed, 6632.0 kbytes
geom -V tmp1_pdiff_0conn np_rpdiff_0conn - tmp1_pdiff_0conn,11,i,2
geom took  0.00 user, 0.00 sys, 0.00 elapsed, 7244.0 kbytes
geom -V tmp_pdiff_0conn,tmp1_pdiff_0conn - np_rpdiff_0conn,1,i,1
geom took  0.00 user, 0.00 sys, 0.00 elapsed, 7044.0 kbytes
/bin/rm -f tmp_pdiff_0conn tmp1_pdiff_0conn
epick -V -reo -e rcont_0ndiff_metal1_0conn_ndiff_0conn -e \
	rcont_0pdiff_metal1_0conn_pdiff_0conn np_rnwell_0conn.conn \
	tmp_nwell_0conn
epick took  0.00 user, 0.00 sys, 0.00 elapsed, 6732.0 kbytes
epick -V -reo -e tmp_nwell_0conn -c np_rnwell_0conn.conn tmp1_nwell_0conn
epick took  0.00 user, 0.00 sys, 0.00 elapsed, 6664.0 kbytes
geom -V tmp1_nwell_0conn np_rnwell_0conn - tmp1_nwell_0conn,11,i,2
geom took  0.00 user, 0.00 sys, 0.00 elapsed, 7272.0 kbytes
geom -V tmp_nwell_0conn,tmp1_nwell_0conn - np_rnwell_0conn,1,i,1
geom took  0.00 user, 0.00 sys, 0.00 elapsed, 7096.0 kbytes
/bin/rm -f tmp_nwell_0conn tmp1_nwell_0conn
epick -V -reo -e rcont_0ndiff_metal1_0conn_ndiff_0conn -e \
	rcont_0pdiff_metal1_0conn_pdiff_0conn np_rpsubstrate.conn \
	tmp_psubstrate
epick took  0.00 user, 0.00 sys, 0.00 elapsed, 6664.0 kbytes
epick -V -reo -e tmp_psubstrate -c np_rpsubstrate.conn tmp1_psubstrate
epick took  0.00 user, 0.00 sys, 0.00 elapsed, 6660.0 kbytes
geom -V tmp1_psubstrate np_rpsubstrate - tmp1_psubstrate,11,i,2
geom took  0.00 user, 0.00 sys, 0.00 elapsed, 7272.0 kbytes
geom -V tmp_psubstrate,tmp1_psubstrate - np_rpsubstrate,1,i,1
geom took  0.00 user, 0.00 sys, 0.00 elapsed, 7176.0 kbytes
/bin/rm -f tmp_psubstrate tmp1_psubstrate

#==========================================================#
# Process text layers
#==========================================================#

flatlabel -V  -tc -F -l flatlabel.info text_metal1_0conn,text_metal2_0conn L1T0,L2T0
INFO (FLTLBL-89003): exec labsort -V L1T0

INFO (FLTLBL-89003): exec labsort -V L2T0

# 1 np_rpoly_0conn
# 2 np_rmetal1_0conn
# 3 np_rmetal2_0conn
/bin/mv -f np_rnwell_0conn.conn_orig np_rnwell_0conn
/bin/mv -f np_rpsubstrate.conn_orig np_rpsubstrate

#==========================================================#
# Parasitic R extraction with default precision
#==========================================================#

rex -V -m -pd -I'#' -tech /mnt/cadence_tools/gpdk045_v_6_0/qrc/typical -map \
	p2elayermapfile -wee p2elayermapfile -N NET -e2 -Ply np_rpoly_0conn \
	-er np_rmetal2_0conn,metal2_conn.den:np_rmetal1_0conn,metal1_conn.den \
	-rP res.mod np_rpoly_0conn::poly_conn_cut \
	np_rmetal1_0conn::metal1_conn_cut np_rmetal2_0conn::metal2_conn_cut - \
	rVia1,2,3,t rcont_0ndiff_metal1_0conn_ndiff_0conn,2,t \
	rcont_0pdiff_metal1_0conn_pdiff_0conn,2,t rcont_0poly,1,2,t \
	_0nmos1v_mgvia,1,z _0pmos1v_mgvia,1,z - L1T0,2,I L2T0,3,I
INFO (REX-163462):  exec rex -g -V -m -pd -I# -tech /mnt/cadence_tools/gpdk045_v_6_0/qrc/typical -map p2elayermapfile -wee p2elayermapfile -N NET -e2 -Ply np_rpoly_0conn -er np_rmetal2_0conn,metal2_conn.den:np_rmetal1_0conn,metal1_conn.den -rP res.mod np_rpoly_0conn::poly_conn_cut np_rmetal1_0conn::metal1_conn_cut np_rmetal2_0conn::metal2_conn_cut - rVia1,2,3,t rcont_0ndiff_metal1_0conn_ndiff_0conn,2,t rcont_0pdiff_metal1_0conn_pdiff_0conn,2,t rcont_0poly,1,2,t _0nmos1v_mgvia,1,z _0pmos1v_mgvia,1,z - L1T0,2,I L2T0,3,I

rex took  0.00 user, 0.00 sys, 0.00 elapsed, 62124.0 kbytes
INFO (LBMISC-215513): Socket: connection with sd 15 closed

INFO (REX-163511): Forked command: REX 1

  rex (np_rmetal1_0conn) took  0.00 user, 0.01 sys, 0.00 elapsed, 61828.0 kbytes
INFO (LBMISC-215513): Socket: connection with sd 15 closed

INFO (REX-163511): Forked command: REX 2

  rex (np_rpoly_0conn) took  0.00 user, 0.01 sys, 0.00 elapsed, 64804.0 kbytes
INFO (LBMISC-215513): Socket: connection with sd 15 closed

INFO (REX-163511): Forked command: REX 3

  rex (np_rmetal2_0conn) took  0.00 user, 0.01 sys, 0.00 elapsed, 65360.0 kbytes
INFO (REX-163511): Forked command: REX 4

  rexmerge took  0.00 user, 0.00 sys, 0.00 elapsed, 6140.0 kbytes
rex took  1.07 user, 0.11 sys, 1.00 elapsed, 62440.0 kbytes
/bin/cp -f np_rnwell_0conn np_rnwell_0conn.conn
/bin/cp -f np_rpsubstrate np_rpsubstrate.conn

#==========================================================#
# Form resistive via layers
#==========================================================#

stamp -V -i2 np_rmetal2_0conn rVia1 np_rVia1
stamp took  0.02 user, 0.01 sys, 0.00 elapsed, 276156.0 kbytes
geom -V np_rVia1,p_rVia1 - rVia1,1,i,1
geom took  0.00 user, 0.00 sys, 0.00 elapsed, 7160.0 kbytes
stamp -V -i2 np_rmetal1_0conn rcont_0poly np_rcont_0poly
stamp took  0.02 user, 0.01 sys, 0.00 elapsed, 276092.0 kbytes
geom -V np_rcont_0poly,p_rcont_0poly - rcont_0poly,1,i,1
geom took  0.00 user, 0.00 sys, 0.00 elapsed, 7208.0 kbytes
stamp -V -B -i np_rmetal1_0conn cont_0ndiff_metal1_0conn_ndiff_0conn
stamp took  0.02 user, 0.01 sys, 0.00 elapsed, 276256.0 kbytes
/bin/cp -f cont_0ndiff_metal1_0conn_ndiff_0conn rcont_0ndiff_metal1_0conn_ndiff_0conn
stamp -V -B -i np_rmetal1_0conn cont_0pdiff_metal1_0conn_pdiff_0conn
stamp took  0.02 user, 0.01 sys, 0.00 elapsed, 276084.0 kbytes
/bin/cp -f cont_0pdiff_metal1_0conn_pdiff_0conn rcont_0pdiff_metal1_0conn_pdiff_0conn

#==========================================================#
# Combine power non-power
#==========================================================#

/bin/rm -f ndiff_0conn
geom np_rndiff_0conn,p_rndiff_0conn - ndiff_0conn,1,i,1
epick -c -f floatlvsnetsfile ndiff_0conn ndiff_0conn
/bin/rm -f nwell_0conn
geom np_rnwell_0conn,p_rnwell_0conn - nwell_0conn,1,i,1
epick -c -f floatlvsnetsfile nwell_0conn nwell_0conn
/bin/rm -f pdiff_0conn
geom np_rpdiff_0conn,p_rpdiff_0conn - pdiff_0conn,1,i,1
epick -c -f floatlvsnetsfile pdiff_0conn pdiff_0conn
/bin/rm -f poly_0conn
geom np_rpoly_0conn,p_rpoly_0conn - poly_0conn,1,i,1
epick -c -f floatlvsnetsfile poly_0conn poly_0conn
/bin/rm -f psubstrate
geom np_rpsubstrate,p_rpsubstrate - psubstrate,1,i,1
epick -c -f floatlvsnetsfile psubstrate psubstrate

#==========================================================#
# Reconnect MOSFET devices
#==========================================================#

reconnect -V -n NET -se2 mwires.res -t _0nmos1v.trans:_0nmos1v.transr \
	_0nmos1v ndiff_0conn,_0nmos1v_mgvia,psubstrate -t \
	_0pmos1v.trans:_0pmos1v.transr _0pmos1v \
	pdiff_0conn,_0pmos1v_mgvia,nwell_0conn
reconnect took 0.03 user, 0.02 sys, 0.00 elapsed, 290216.0 kbytes
changeTransFileNameAP _0nmos1v.trans _0nmos1v.transr
changeTransFileNameAP _0pmos1v.trans _0pmos1v.transr
netprint -max NET > original_maxnetfile

#==========================================================#
# Form capacitance layers for resistive process layers
#==========================================================#

#4 
 geom -V -i p_rpoly_0conn,np_rpoly_0conn - so_poly_conn,1,n
geom took  0.00 user, 0.00 sys, 0.00 elapsed, 7076.0 kbytes
geom -V p_rpoly_0conn,np_rpoly_0conn - poly_conn,1,i,1
geom took  0.00 user, 0.00 sys, 0.00 elapsed, 7240.0 kbytes
#4 
 geom -V -i p_rmetal1_0conn,np_rmetal1_0conn - so_metal1_conn,1,n
geom took  0.00 user, 0.00 sys, 0.00 elapsed, 7184.0 kbytes
geom -V p_rmetal1_0conn,np_rmetal1_0conn - metal1_conn,1,i,1
geom took  0.00 user, 0.00 sys, 0.00 elapsed, 7180.0 kbytes
#4 
 geom -V -i p_rmetal2_0conn,np_rmetal2_0conn - so_metal2_conn,1,n
geom took  0.00 user, 0.00 sys, 0.00 elapsed, 7208.0 kbytes
geom -V p_rmetal2_0conn,np_rmetal2_0conn - metal2_conn,1,i,1

geom took  0.00 user, 0.00 sys, 0.00 elapsed, 7132.0 kbytes
#==========================================================#
# Form capacitance layers for non-resistive process layers
#==========================================================#

grow -V .001 ndiff_0conn mask
grow took  0.00 user, 0.00 sys, 0.00 elapsed, 6684.0 kbytes
geom -V pdiff_0conn mask - pdiff_0conn,10,i,1
geom took  0.00 user, 0.00 sys, 0.00 elapsed, 7120.0 kbytes
geom -V ndiff_0conn,pdiff_0conn - Oxide,1,i,1
geom took  0.00 user, 0.00 sys, 0.00 elapsed, 7184.0 kbytes
createEmptyLayer metal11_conn
createEmptyLayer metal10_conn
createEmptyLayer metal9_conn
createEmptyLayer metal8_conn
createEmptyLayer metal7_conn
createEmptyLayer metal6_conn
createEmptyLayer metal5_conn
createEmptyLayer metal4_conn
createEmptyLayer metal3_conn

#==========================================================#
# Form substrate
#==========================================================#

geom -V p_rnwell_0conn,np_rnwell_0conn - nwell_0conn,1,i,1
geom took  0.00 user, 0.00 sys, 0.00 elapsed, 7268.0 kbytes
geom -V p_rpsubstrate,np_rpsubstrate - psubstrate,1,i,1
geom took  0.00 user, 0.00 sys, 0.00 elapsed, 7284.0 kbytes
/bin/cp -f psubstrate psubstrate.df2
grow -V 0.001 nwell_0conn g_nwell_0conn
grow took  0.00 user, 0.00 sys, 0.00 elapsed, 6772.0 kbytes
geom -V psubstrate g_nwell_0conn - psubstrate,10,i,1
geom took  0.00 user, 0.00 sys, 0.00 elapsed, 7288.0 kbytes
geom -V nwell_0conn,psubstrate - FOX,1,i,1
geom took  0.00 user, 0.00 sys, 0.00 elapsed, 7180.0 kbytes
xytoebbox -V -g 10.002 -e metal11_conn,metal10_conn,metal9_conn,metal8_conn,metal7_conn,metal6_conn,metal5_conn,metal4_conn,metal3_conn,metal2_conn,metal1_conn,poly_conn,Oxide,nwell_0conn,psubstrate xg_FOX
grow -V 0.001 FOX g_FOX
grow took  0.00 user, 0.00 sys, 0.00 elapsed, 6796.0 kbytes
geom -V xg_FOX g_FOX - tmp_FOX,10
geom took  0.00 user, 0.00 sys, 0.00 elapsed, 7260.0 kbytes
epick -V -reo -D ${CAP_GROUND} tmp_FOX pick_FOX
epick took  0.00 user, 0.00 sys, 0.00 elapsed, 6636.0 kbytes
grow -V -m 0.002 pick_FOX g_pick_FOX
grow took  0.00 user, 0.00 sys, 0.00 elapsed, 6752.0 kbytes
geom took  0.00 user, 0.00 sys, 0.00 elapsed, 7188.0 kbytes
stamp -i FOX g_pick_FOX
grow -V -m -0.002 g_pick_FOX pick_FOX
grow took  0.00 user, 0.00 sys, 0.00 elapsed, 6680.0 kbytes
sort edges took  0.00 user, 0.00 sys, 0.00 elapsed, 7128.0 kbytes
geom took  0.00 user, 0.00 sys, 0.00 elapsed, 7184.0 kbytes
emerge -V pick_FOX FOX tmp1_FOX
emerge took 0.00 user, 0.00 sys, 0.00 elapsed, 6500.0 kbytes
geom -V tmp1_FOX - FOX,1,i,1
geom took  0.00 user, 0.00 sys, 0.00 elapsed, 7144.0 kbytes
/bin/rm -f g_pick_FOX xg_FOX tmp_FOX tmp1_FOX
geom -V FOX Oxide - FOX,10,i,1
geom took  0.00 user, 0.00 sys, 0.00 elapsed, 7276.0 kbytes
geom _0nmos1v,_0pmos1v - qrcgate,1,i,1

#==========================================================#
# Create sip/sw3d/cn3d capacitance data files
#==========================================================#

cat <<ENDCAT> sip.cmd
sip -V -cgnd ${CAP_GROUND} -s -o -sub 2 -mlc metal1_conn,metal2_conn -er \
	metal3_conn.den -n 1.75 -i 0,1.751 -b \
	metal2_conn,metal1_conn,poly_conn,Oxide,FOX -t \
	metal4_conn,metal5_conn,metal6_conn,metal7_conn,metal8_conn,metal9_conn,metal10_conn,metal11_conn \
	-j 0.08 -Maxw 1.8 -p metal3_conn,key 0,1.75 - metal3_conn.sip
sip -V -cgnd ${CAP_GROUND} -s -o -sub 2 -mlc metal2_conn,metal3_conn -er \
	metal4_conn.den -n 1.75 -i 0,1.751 -b \
	metal3_conn,metal2_conn,metal1_conn,poly_conn,Oxide,FOX -t \
	metal5_conn,metal6_conn,metal7_conn,metal8_conn,metal9_conn,metal10_conn,metal11_conn \
	-j 0.08 -Maxw 1.8 -p metal4_conn,key 0,1.75 - metal4_conn.sip
sip -V -cgnd ${CAP_GROUND} -s -o -sub 2 -mlc metal3_conn,metal4_conn -er \
	metal5_conn.den -n 1.75 -i 0,1.751 -b \
	metal4_conn,metal3_conn,metal2_conn,metal1_conn,poly_conn,Oxide,FOX \
	-t \
	metal6_conn,metal7_conn,metal8_conn,metal9_conn,metal10_conn,metal11_conn \
	-j 0.08 -Maxw 1.8 -p metal5_conn,key 0,1.75 - metal5_conn.sip
sip -V -cgnd ${CAP_GROUND} -s -o -sub 2 -mlc metal4_conn,metal5_conn -er \
	metal6_conn.den -n 1.75 -i 0,1.751 -b \
	metal5_conn,metal4_conn,metal3_conn,metal2_conn,metal1_conn,poly_conn,Oxide,FOX \
	-t metal7_conn,metal8_conn,metal9_conn,metal10_conn,metal11_conn -j \
	0.08 -Maxw 1.8 -p metal6_conn,key 0,1.75 - metal6_conn.sip
sip -V -cgnd ${CAP_GROUND} -s -o -sub 2 -mlc metal5_conn,metal6_conn -er \
	metal7_conn.den -n 1.75 -i 0,1.751 -b \
	metal6_conn,metal5_conn,metal4_conn,metal3_conn,metal2_conn,metal1_conn,poly_conn,Oxide,FOX \
	-t metal8_conn,metal9_conn,metal10_conn,metal11_conn -j 0.08 -Maxw \
	1.8 -p metal7_conn,key 0,1.75 - metal7_conn.sip
sip -V -cgnd ${CAP_GROUND} -s -o -sub 2 -mlc metal6_conn,metal7_conn -er \
	metal8_conn.den -n 1.75 -i 0,1.751 -b \
	metal7_conn,metal6_conn,metal5_conn,metal4_conn,metal3_conn,metal2_conn,metal1_conn,poly_conn,Oxide,FOX \
	-t metal9_conn,metal10_conn,metal11_conn -j 0.08 -Maxw 1.8 -p \
	metal8_conn,key 0,1.75 - metal8_conn.sip
sip -V -cgnd ${CAP_GROUND} -s -o -sub 2 -mlc metal7_conn,metal8_conn -er \
	metal9_conn.den -n 1.75 -i 0,1.751 -b \
	metal8_conn,metal7_conn,metal6_conn,metal5_conn,metal4_conn,metal3_conn,metal2_conn,metal1_conn,poly_conn,Oxide,FOX \
	-t metal10_conn,metal11_conn -j 0.08 -Maxw 1.8 -p metal9_conn,key \
	0,1.75 - metal9_conn.sip
sip -V -cgnd ${CAP_GROUND} -s -o -sub 2 -mlc metal8_conn,metal9_conn -er \
	metal10_conn.den -n 5 -i 0,5.001 -b \
	metal9_conn,metal8_conn,metal7_conn,metal6_conn,metal5_conn,metal4_conn,metal3_conn,metal2_conn,metal1_conn,poly_conn,Oxide,FOX \
	-t metal11_conn -j 0.22 -Maxw 4.95 -p metal10_conn,key 0,5 - \
	metal10_conn.sip
sip -V -cgnd ${CAP_GROUND} -s -o -sub 2 -mlc metal9_conn,metal10_conn -n 5 -i \
	0,5.001 -b \
	metal10_conn,metal9_conn,metal8_conn,metal7_conn,metal6_conn,metal5_conn,metal4_conn,metal3_conn,metal2_conn,metal1_conn,poly_conn,Oxide,FOX \
	-j 0.22 -Maxw 4.95 -p metal11_conn,key 0,5 - metal11_conn.sip
sip -V -cgnd ${CAP_GROUND} -s -o -sub 2 -cp poly_conn,allGate,Oxide -n 0.6 -i \
	0,0.601 -b Oxide,FOX -t \
	metal1_conn,metal2_conn,metal3_conn,metal4_conn,metal5_conn,metal6_conn,metal7_conn,metal8_conn,metal9_conn,metal10_conn,metal11_conn \
	-j 0.045 -Maxw 1.0125 -p poly_conn,key 0,0.6 - poly_conn.sip
sip -V -cgnd ${CAP_GROUND} -s -o -sub 2 -mlc poly_conn -er metal1_conn.den -n \
	1.2 -i 0,1.201 -b poly_conn,Oxide,FOX -t \
	metal2_conn,metal3_conn,metal4_conn,metal5_conn,metal6_conn,metal7_conn,metal8_conn,metal9_conn,metal10_conn,metal11_conn \
	-j 0.06 -Maxw 1.35 -p metal1_conn,key 0,1.2 - metal1_conn.sip
sip -V -cgnd ${CAP_GROUND} -s -o -sub 2 -mlc poly_conn,metal1_conn -er \
	metal2_conn.den -n 1.4 -i 0,1.401 -b metal1_conn,poly_conn,Oxide,FOX \
	-t \
	metal3_conn,metal4_conn,metal5_conn,metal6_conn,metal7_conn,metal8_conn,metal9_conn,metal10_conn,metal11_conn \
	-j 0.08 -Maxw 1.8 -p metal2_conn,key 0,1.4 - metal2_conn.sip
sip -V -s -cgnd ${CAP_GROUND} -sub 2 -L3A -h -b \
	metal9_conn,metal8_conn,metal7_conn,metal6_conn,metal5_conn,metal4_conn,metal3_conn,metal2_conn,metal1_conn,poly_conn,Oxide,FOX \
	-Maxw 4.95 -p metal10_conn,key,metal11_conn,key 0,5,0 - \
	metal10_conn_metal11_conn.sip
sip -V -s -cgnd ${CAP_GROUND} -sub 2 -L3A -h -R metal11_conn -b \
	metal8_conn,metal7_conn,metal6_conn,metal5_conn,metal4_conn,metal3_conn,metal2_conn,metal1_conn,poly_conn,Oxide,FOX \
	-Maxw 4.95 -p metal9_conn,key,metal11_conn,key 0,5,0 - \
	metal9_conn_metal11_conn.sip
sip -V -s -cgnd ${CAP_GROUND} -sub 2 -h -b \
	metal8_conn,metal7_conn,metal6_conn,metal5_conn,metal4_conn,metal3_conn,metal2_conn,metal1_conn,poly_conn,Oxide,FOX \
	-t metal11_conn -Maxw 4.95 -p metal9_conn,key,metal10_conn,key 0,5,0 \
	- metal9_conn_metal10_conn.sip
sip -V -s -cgnd ${CAP_GROUND} -sub 2 -L3A -h -R metal10_conn -b \
	metal7_conn,metal6_conn,metal5_conn,metal4_conn,metal3_conn,metal2_conn,metal1_conn,poly_conn,Oxide,FOX \
	-t metal11_conn -Maxw 4.95 -p metal8_conn,key,metal10_conn,key 0,5,0 \
	- metal8_conn_metal10_conn.sip
sip -V -s -cgnd ${CAP_GROUND} -sub 2 -h -b \
	metal7_conn,metal6_conn,metal5_conn,metal4_conn,metal3_conn,metal2_conn,metal1_conn,poly_conn,Oxide,FOX \
	-t metal10_conn,metal11_conn -Maxw 1.8 -p \
	metal8_conn,key,metal9_conn,key 0,1.75,0 - \
	metal8_conn_metal9_conn.sip
sip -V -s -cgnd ${CAP_GROUND} -sub 2 -L3A -h -R metal9_conn -b \
	metal6_conn,metal5_conn,metal4_conn,metal3_conn,metal2_conn,metal1_conn,poly_conn,Oxide,FOX \
	-t metal10_conn,metal11_conn -Maxw 1.8 -p \
	metal7_conn,key,metal9_conn,key 0,1.75,0 - \
	metal7_conn_metal9_conn.sip
sip -V -s -cgnd ${CAP_GROUND} -sub 2 -h -b \
	metal6_conn,metal5_conn,metal4_conn,metal3_conn,metal2_conn,metal1_conn,poly_conn,Oxide,FOX \
	-t metal9_conn,metal10_conn,metal11_conn -Maxw 1.8 -p \
	metal7_conn,key,metal8_conn,key 0,1.75,0 - \
	metal7_conn_metal8_conn.sip
sip -V -s -cgnd ${CAP_GROUND} -sub 2 -L3A -h -R metal8_conn -b \
	metal5_conn,metal4_conn,metal3_conn,metal2_conn,metal1_conn,poly_conn,Oxide,FOX \
	-t metal9_conn,metal10_conn,metal11_conn -Maxw 1.8 -p \
	metal6_conn,key,metal8_conn,key 0,1.75,0 - \
	metal6_conn_metal8_conn.sip
sip -V -s -cgnd ${CAP_GROUND} -sub 2 -h -b \
	metal5_conn,metal4_conn,metal3_conn,metal2_conn,metal1_conn,poly_conn,Oxide,FOX \
	-t metal8_conn,metal9_conn,metal10_conn,metal11_conn -Maxw 1.8 -p \
	metal6_conn,key,metal7_conn,key 0,1.75,0 - \
	metal6_conn_metal7_conn.sip
sip -V -s -cgnd ${CAP_GROUND} -sub 2 -L3A -h -R metal7_conn -b \
	metal4_conn,metal3_conn,metal2_conn,metal1_conn,poly_conn,Oxide,FOX \
	-t metal8_conn,metal9_conn,metal10_conn,metal11_conn -Maxw 1.8 -p \
	metal5_conn,key,metal7_conn,key 0,1.75,0 - \
	metal5_conn_metal7_conn.sip
sip -V -s -cgnd ${CAP_GROUND} -sub 2 -h -b \
	metal4_conn,metal3_conn,metal2_conn,metal1_conn,poly_conn,Oxide,FOX \
	-t metal7_conn,metal8_conn,metal9_conn,metal10_conn,metal11_conn \
	-Maxw 1.8 -p metal5_conn,key,metal6_conn,key 0,1.75,0 - \
	metal5_conn_metal6_conn.sip
sip -V -s -cgnd ${CAP_GROUND} -sub 2 -L3A -h -R metal6_conn -b \
	metal3_conn,metal2_conn,metal1_conn,poly_conn,Oxide,FOX -t \
	metal7_conn,metal8_conn,metal9_conn,metal10_conn,metal11_conn -Maxw \
	1.8 -p metal4_conn,key,metal6_conn,key 0,1.75,0 - \
	metal4_conn_metal6_conn.sip
sip -V -s -cgnd ${CAP_GROUND} -sub 2 -h -b \
	metal3_conn,metal2_conn,metal1_conn,poly_conn,Oxide,FOX -t \
	metal6_conn,metal7_conn,metal8_conn,metal9_conn,metal10_conn,metal11_conn \
	-Maxw 1.8 -p metal4_conn,key,metal5_conn,key 0,1.75,0 - \
	metal4_conn_metal5_conn.sip
sip -V -s -cgnd ${CAP_GROUND} -sub 2 -L3A -h -R metal5_conn -b \
	metal2_conn,metal1_conn,poly_conn,Oxide,FOX -t \
	metal6_conn,metal7_conn,metal8_conn,metal9_conn,metal10_conn,metal11_conn \
	-Maxw 1.8 -p metal3_conn,key,metal5_conn,key 0,1.75,0 - \
	metal3_conn_metal5_conn.sip
sip -V -s -cgnd ${CAP_GROUND} -sub 2 -h -b \
	metal2_conn,metal1_conn,poly_conn,Oxide,FOX -t \
	metal5_conn,metal6_conn,metal7_conn,metal8_conn,metal9_conn,metal10_conn,metal11_conn \
	-Maxw 1.8 -p metal3_conn,key,metal4_conn,key 0,1.75,0 - \
	metal3_conn_metal4_conn.sip
sip -V -s -cgnd ${CAP_GROUND} -sub 2 -L3A -h -R metal4_conn -b \
	metal1_conn,poly_conn,Oxide,FOX -t \
	metal5_conn,metal6_conn,metal7_conn,metal8_conn,metal9_conn,metal10_conn,metal11_conn \
	-Maxw 1.8 -p metal2_conn:metal2_conn_cut,key,metal4_conn,key 0,1.75,0 \
	- metal2_conn_metal4_conn.sip
sip -V -s -cgnd ${CAP_GROUND} -sub 2 -h -b metal1_conn,poly_conn,Oxide,FOX -t \
	metal4_conn,metal5_conn,metal6_conn,metal7_conn,metal8_conn,metal9_conn,metal10_conn,metal11_conn \
	-Maxw 1.8 -p metal2_conn:metal2_conn_cut,key,metal3_conn,key 0,1.75,0 \
	- metal2_conn_metal3_conn.sip
sip -V -s -cgnd ${CAP_GROUND} -sub 2 -L3A -h -R metal3_conn -b \
	poly_conn,Oxide,FOX -t \
	metal4_conn,metal5_conn,metal6_conn,metal7_conn,metal8_conn,metal9_conn,metal10_conn,metal11_conn \
	-k metal2_conn:0.15 -Maxw 1.8 -p \
	metal1_conn:metal1_conn_cut,key,metal3_conn,key 0,1.75,0 - \
	metal1_conn_metal3_conn.sip
sip -V -s -cgnd ${CAP_GROUND} -sub 2 -h -b poly_conn,Oxide,FOX -t \
	metal3_conn,metal4_conn,metal5_conn,metal6_conn,metal7_conn,metal8_conn,metal9_conn,metal10_conn,metal11_conn \
	-Maxw 1.8 -p \
	metal1_conn:metal1_conn_cut,key,metal2_conn:metal2_conn_cut,key \
	0,1.4,0 - metal1_conn_metal2_conn.sip
sip -V -s -cgnd ${CAP_GROUND} -sub 2 -L3A -h -R metal2_conn -b Oxide,FOX -t \
	metal3_conn,metal4_conn,metal5_conn,metal6_conn,metal7_conn,metal8_conn,metal9_conn,metal10_conn,metal11_conn \
	-k metal1_conn:0.15 -Maxw 1.8 -p \
	poly_conn:poly_conn_cut,key,metal2_conn:metal2_conn_cut,key 0,1.4,0 - \
	poly_conn_metal2_conn.sip
sip -V -s -cgnd ${CAP_GROUND} -sub 2 -h -R metal1_conn,poly_conn -b Oxide,FOX \
	-t \
	metal2_conn,metal3_conn,metal4_conn,metal5_conn,metal6_conn,metal7_conn,metal8_conn,metal9_conn,metal10_conn,metal11_conn \
	-Maxw 1.35 -p \
	poly_conn:poly_conn_cut,key,metal1_conn:metal1_conn_cut,key 0,1.2,0 - \
	poly_conn_metal1_conn.sip
sw3d -V -cgnd ${CAP_GROUND} -sub 2 -b \
	metal9_conn,metal8_conn,metal7_conn,metal6_conn,metal5_conn,metal4_conn,metal3_conn,metal2_conn,metal1_conn,poly_conn,Oxide,FOX \
	-p metal10_conn,metal11_conn - metal10_conn_metal11_conn.sw3d
sw3d -V -cgnd ${CAP_GROUND} -sub 2 -b \
	metal8_conn,metal7_conn,metal6_conn,metal5_conn,metal4_conn,metal3_conn,metal2_conn,metal1_conn,poly_conn,Oxide,FOX \
	-t metal11_conn -p metal9_conn,metal10_conn - \
	metal9_conn_metal10_conn.sw3d
sw3d -V -cgnd ${CAP_GROUND} -sub 2 -b \
	metal7_conn,metal6_conn,metal5_conn,metal4_conn,metal3_conn,metal2_conn,metal1_conn,poly_conn,Oxide,FOX \
	-t metal10_conn,metal11_conn -p metal8_conn,metal9_conn - \
	metal8_conn_metal9_conn.sw3d
sw3d -V -cgnd ${CAP_GROUND} -sub 2 -b \
	metal6_conn,metal5_conn,metal4_conn,metal3_conn,metal2_conn,metal1_conn,poly_conn,Oxide,FOX \
	-t metal9_conn,metal10_conn,metal11_conn -p metal7_conn,metal8_conn - \
	metal7_conn_metal8_conn.sw3d
sw3d -V -cgnd ${CAP_GROUND} -sub 2 -b \
	metal5_conn,metal4_conn,metal3_conn,metal2_conn,metal1_conn,poly_conn,Oxide,FOX \
	-t metal8_conn,metal9_conn,metal10_conn,metal11_conn -p \
	metal6_conn,metal7_conn - metal6_conn_metal7_conn.sw3d
sw3d -V -cgnd ${CAP_GROUND} -sub 2 -b \
	metal4_conn,metal3_conn,metal2_conn,metal1_conn,poly_conn,Oxide,FOX \
	-t metal7_conn,metal8_conn,metal9_conn,metal10_conn,metal11_conn -p \
	metal5_conn,metal6_conn - metal5_conn_metal6_conn.sw3d
sw3d -V -cgnd ${CAP_GROUND} -sub 2 -b \
	metal3_conn,metal2_conn,metal1_conn,poly_conn,Oxide,FOX -t \
	metal6_conn,metal7_conn,metal8_conn,metal9_conn,metal10_conn,metal11_conn \
	-p metal4_conn,metal5_conn - metal4_conn_metal5_conn.sw3d
sw3d -V -cgnd ${CAP_GROUND} -sub 2 -b \
	metal2_conn,metal1_conn,poly_conn,Oxide,FOX -t \
	metal5_conn,metal6_conn,metal7_conn,metal8_conn,metal9_conn,metal10_conn,metal11_conn \
	-p metal3_conn,metal4_conn - metal3_conn_metal4_conn.sw3d
sw3d -V -cgnd ${CAP_GROUND} -sub 2 -b metal1_conn,poly_conn,Oxide,FOX -t \
	metal4_conn,metal5_conn,metal6_conn,metal7_conn,metal8_conn,metal9_conn,metal10_conn,metal11_conn \
	-p metal2_conn:metal2_conn_cut,metal3_conn - \
	metal2_conn_metal3_conn.sw3d
sw3d -V -cgnd ${CAP_GROUND} -sub 2 -b poly_conn,Oxide,FOX -t \
	metal3_conn,metal4_conn,metal5_conn,metal6_conn,metal7_conn,metal8_conn,metal9_conn,metal10_conn,metal11_conn \
	-p metal1_conn:metal1_conn_cut,metal2_conn:metal2_conn_cut - \
	metal1_conn_metal2_conn.sw3d
sw3d -V -cgnd ${CAP_GROUND} -sub 2 -b Oxide,FOX -t \
	metal2_conn,metal3_conn,metal4_conn,metal5_conn,metal6_conn,metal7_conn,metal8_conn,metal9_conn,metal10_conn,metal11_conn \
	-p poly_conn:poly_conn_cut,metal1_conn:metal1_conn_cut - \
	poly_conn_metal1_conn.sw3d
ENDCAT

#==========================================================#
# Prepare gate capacitance blocking layers
#==========================================================#

emerge -V _0nmos1v _0pmos1v allGate

emerge took 0.00 user, 0.00 sys, 0.00 elapsed, 6428.0 kbytes
#==========================================================#
# Run pax16 to generate capfile
#==========================================================#

pax16 -V -lee_off -gnd ${CAP_GROUND} -ignore_cf_table -scf sip.cmd -cgnd \
	${CAP_GROUND},1.0 -rcxlvs rcxtolvsmapfile -M_perim_off -c \
	/mnt/cadence_tools/gpdk045_v_6_0/qrc/typical/qrcTechFile -f FOX Oxide \
	poly_conn:poly_conn_cut metal1_conn:metal1_conn_cut \
	metal2_conn:metal2_conn_cut metal3_conn metal4_conn metal5_conn \
	metal6_conn metal7_conn metal8_conn metal9_conn metal10_conn \
	metal11_conn allGate - \
	/mnt/cadence_tools/gpdk045_v_6_0/qrc/typical/qrcTechFile - - NET - \
	capfile

pax16 took  0.18 user, 0.08 sys, 0.00 elapsed, 127276.0 kbytes
#==========================================================#
# Generate netlister data files
#==========================================================#


#==========================================================#
# Perform RC reduction
#==========================================================#

xreduce -V -mergecap -n NET -tech \
	/mnt/cadence_tools/gpdk045_v_6_0/qrc/typical -d1 -e \
	metal11_conn,metal10_conn,metal9_conn,metal8_conn,metal7_conn,metal6_conn,metal5_conn,metal4_conn,metal3_conn,metal2_conn,metal1_conn,poly_conn,Oxide,FOX,np_rndiff_0conn,np_rpdiff_0conn,np_rnwell_0conn,np_rpsubstrate,rVia1,rcont_0poly \
	-decoupled -sr -danglingR -minR 0.001 -rPvia \
	rVia1.res,rcont_0poly.res,rcont_0pdiff_metal1_0conn_pdiff_0conn.res,rcont_0ndiff_metal1_0conn_ndiff_0conn.res \
	-rP \
	np_rpoly_0conn.res,np_rmetal1_0conn.res,np_rmetal2_0conn.res,mwires.res \
	-cap capfile L1T0 L2T0 _0nmos1v.transr _0pmos1v.transr

INFO (XREDUCE-199107): Total number of resistors is 401

INFO (XREDUCE-199108): d1 option renamed 0 nets

INFO (XREDUCE-199109): minR option removed 0 resistors (0%)

INFO (XREDUCE-199054): Total number of capacitors in capfile is 304

INFO (XREDUCE-199052): mergecap required for 169 (18%) of 931 nets

INFO (XREDUCE-199113): danglingR option removed 89 resistors

INFO (XREDUCE-199107): Total number of resistors is 269

INFO (XREDUCE-199108): d1 option renamed 21 nets

INFO (XREDUCE-199054): Total number of capacitors in capfile is 294

xreduce took 0.12 user, 0.26 sys, 1.00 elapsed, 37168.0 kbytes
#==========================================================#
# Generate HSPICE file
#==========================================================#

advgen -V -g0 -li -f -n -o HSPICE -TL L1T0,L2T0 -cgnd ${CAP_GROUND},1.0 \
	-dxref /tmp/qrc_213944/FS_TSPC_DET_copy/FS_TSPC_DET_copy.gdx -nxref \
	/tmp/qrc_213944/FS_TSPC_DET_copy/FS_TSPC_DET_copy.gnx -addprefix -sc \
	caps2dversion -mx capfile \
	metal11_conn,metal10_conn,metal9_conn,metal8_conn,metal7_conn,metal6_conn,metal5_conn,metal4_conn,metal3_conn,metal2_conn,metal1_conn,poly_conn,Oxide,FOX \
	-rPmw res.mod np_rmetal2_0conn.res,Rnp_rmetal2_0conn.dev2 \
	np_rmetal1_0conn.res,Rnp_rmetal1_0conn.dev2 \
	np_rpoly_0conn.res,Rnp_rpoly_0conn.dev2 rVia1.res,RrVia1.dev2 \
	rcont_0poly.res,Rrcont_0poly.dev2 \
	rcont_0pdiff_metal1_0conn_pdiff_0conn.res,Rrcont_0pdiff_metal1_0conn_pdiff_0conn.dev2 \
	rcont_0ndiff_metal1_0conn_ndiff_0conn.res,Rrcont_0ndiff_metal1_0conn_ndiff_0conn.dev2 \
	-rPmw mwires.mod mwires.res,mwires.dev2 -ta lvsmos.mod,_0nmos1v.net \
	_0nmos1v.transr -ta lvsmos.mod,_0pmos1v.net _0pmos1v.transr - NET - \
	/tmp/qrc_213944/FS_TSPC_DET_copy/extview.tmp

advgen took:  0.16 user, 0.18 sys, 0.00 elapsed, 40716.0 kbytes
#==========================================================#
# Create _save_layers file for Assura extracted view
#==========================================================#

geom metal2_conn np_rmetal2_0conn - np_rmetal2_0conn,11,i,1
geom metal1_conn np_rmetal1_0conn - np_rmetal1_0conn,11,i,1
geom poly_conn np_rpoly_0conn - np_rpoly_0conn,11,i,1
stamp -i2 np_rmetal2_0conn rVia1 np_rVia1
stamp -i2 np_rmetal1_0conn rcont_0poly np_rcont_0poly
ereduce  rcont_0ndiff_metal1_0conn_ndiff_0conn rcont_0ndiff_metal1_0conn_ndiff_0conn.reduce
stamp -i  np_rmetal1_0conn rcont_0ndiff_metal1_0conn_ndiff_0conn.reduce
stamp -i  rcont_0ndiff_metal1_0conn_ndiff_0conn.reduce rcont_0ndiff_metal1_0conn_ndiff_0conn
stamp -i  rcont_0ndiff_metal1_0conn_ndiff_0conn cont_0ndiff_metal1_0conn_ndiff_0conn
/bin/rm -f rcont_0ndiff_metal1_0conn_ndiff_0conn.reduce
ereduce  rcont_0pdiff_metal1_0conn_pdiff_0conn rcont_0pdiff_metal1_0conn_pdiff_0conn.reduce
stamp -i  np_rmetal1_0conn rcont_0pdiff_metal1_0conn_pdiff_0conn.reduce
stamp -i  rcont_0pdiff_metal1_0conn_pdiff_0conn.reduce rcont_0pdiff_metal1_0conn_pdiff_0conn
stamp -i  rcont_0pdiff_metal1_0conn_pdiff_0conn cont_0pdiff_metal1_0conn_pdiff_0conn
/bin/rm -f rcont_0pdiff_metal1_0conn_pdiff_0conn.reduce
cat <<ENDCAT> _save_layers
FOX psubstrate nwell_0conn
metal3_conn metal3_conn
metal4_conn metal4_conn
metal5_conn metal5_conn
metal6_conn metal6_conn
metal7_conn metal7_conn
metal8_conn metal8_conn
metal9_conn metal9_conn
metal10_conn metal10_conn
metal11_conn metal11_conn
Oxide np_rpdiff_0conn p_rpdiff_0conn np_rndiff_0conn p_rndiff_0conn
cont_0pdiff cont_0pdiff_metal1_0conn_pdiff_0conn
cont_0ndiff cont_0ndiff_metal1_0conn_ndiff_0conn
metal2_0conn np_rmetal2_0conn p_rmetal2_0conn
metal1_0conn np_rmetal1_0conn p_rmetal1_0conn
poly_0conn np_rpoly_0conn p_rpoly_0conn
ndiff_0conn np_rndiff_0conn p_rndiff_0conn
pdiff_0conn np_rpdiff_0conn p_rpdiff_0conn
nwell_0conn np_rnwell_0conn p_rnwell_0conn
psubstrate psubstrate
Via1 np_rVia1 p_rVia1
cont_0poly np_rcont_0poly p_rcont_0poly
ptap ptap
ntap ntap
ENDCAT
cat /tmp/qrc_213944/FS_TSPC_DET_copy/hccisavefile >> _save_layers

INFO (LBRCXM-610): Extraction finished.

INFO (LBRCXU-108): Starting

 /mnt/cadence_tools/IC23.1/IC/bin/qrcToDfII -extract both -run_name FS_TSPC_DET_copy -check_cell_view TRUE -device_finger_delimiter @ -extracted_view av_extracted -lvs_source agds -cap_models no -capacitor pcapacitor -res_models no -resistor presistor -cap_prop_name c -res_prop_name r -transfer_net_expression TRUE -extview_tmp /tmp/qrc_213944/FS_TSPC_DET_copy/extview.tmp -run_dir /tmp/qrc_213944/FS_TSPC_DET_copy -cdslib /home/redhatacademy7/cds.lib -lib_name DETFF -cell_name FS_TSPC_DET_copy -view_name layout -extview_rul /mnt/cadence_tools/gpdk045_v_6_0/pvs/extview.rul -server /mnt/cadence_tools/hotfixquantus/QUANTUS212/tools.lnx86/extraction/bin/64bit//../shapeServer
Checkout succeeded: 111/7F4AA659821D49C97DFB
	License file: 5280@172.16.201.225
	License Server: 5280@172.16.201.225
Virtuoso Framework License (111) was checked out successfully. Total checkout time was 0.01s.
Checkout succeeded: Virtuoso_Adv_Node_Framework/1F4A36F95539B91720EB
	License file: 5280@172.16.201.225
	License Server: 5280@172.16.201.225
device        g45n1svt  M          _nmos1v          nmos1v  ivpcell     gpdk045  D G S B
Loading gpdk045/libInit.il ...
	Loading gpdk045/loadCxt.ile ... done!
	Loading context 'gpdk045' from library 'gpdk045' ... done!
	Loading context 'pdkUtils' from library 'gpdk045' ... done!
	Loading gpdk045/gpdk045_customFilter.il ... done!
	Loading gpdk045/libInitCustomExit.il ... 
	Loading Environment Settings ...
	Loading gpdk045/gpdk045_PDKRegistrations.il ... done!

  *************************************************************           
  *              Cadence Design Systems, Inc.                 *           
  *                                                           *           
  *                    Generic 45nm PDK                       *           
  *                        (gpdk045)                          *           
  *                                                           *           
  *************************************************************           
	

	VERSION: 6.0 (09-September-2019)

done!
Loaded gpdk045/libInit.il successfully!
device        g45n1hvt  M      _nmos1v_hvt      nmos1v_hvt  ivpcell     gpdk045  D G S B
device        g45n1lvt  M      _nmos1v_lvt      nmos1v_lvt  ivpcell     gpdk045  D G S B
device        g45n1nvt  M  _nmos_12_native      nmos1v_nat  ivpcell     gpdk045  D G S B
device        g45n2svt  M         _nmos_25          nmos2v  ivpcell     gpdk045  D G S B
device        g45n2nvt  M  _nmos_25_native      nmos2v_nat  ivpcell     gpdk045  D G S B
device        g45ncap1  M       _nmoscap1v       nmoscap1v  ivpcell     gpdk045  D G S B
device        g45ncap2  M       _nmoscap2v       nmoscap2v  ivpcell     gpdk045  D G S B
device        g45p1svt  M          _pmos1v          pmos1v  ivpcell     gpdk045  D G S B
device        g45p1hvt  M      _pmos1v_hvt      pmos1v_hvt  ivpcell     gpdk045  D G S B
device        g45p1lvt  M      _pmos1v_lvt      pmos1v_lvt  ivpcell     gpdk045  D G S B
device        g45p2svt  M          _pmos2v          pmos2v  ivpcell     gpdk045  D G S B
device        g45pcap1  M       _pmoscap1v       pmoscap1v  ivpcell     gpdk045  D G S B
device        g45pcap2  M       _pmoscap2v       pmoscap2v  ivpcell     gpdk045  D G S B
device          g45rm1  R           _resm1           resm1  ivpcell     gpdk045  PLUS MINUS
device          g45rm2  R           _resm2           resm2  ivpcell     gpdk045  PLUS MINUS
device          g45rm3  R           _resm3           resm3  ivpcell     gpdk045  PLUS MINUS
device          g45rm4  R           _resm4           resm4  ivpcell     gpdk045  PLUS MINUS
device          g45rm5  R           _resm5           resm5  ivpcell     gpdk045  PLUS MINUS
device          g45rm6  R           _resm6           resm6  ivpcell     gpdk045  PLUS MINUS
device          g45rm7  R           _resm7           resm7  ivpcell     gpdk045  PLUS MINUS
device          g45rm8  R           _resm8           resm8  ivpcell     gpdk045  PLUS MINUS
device          g45rm9  R           _resm9           resm9  ivpcell     gpdk045  PLUS MINUS
device         g45rm10  R          _resm10          resm10  ivpcell     gpdk045  PLUS MINUS
device         g45rm11  R          _resm11          resm11  ivpcell     gpdk045  PLUS MINUS
device         g45rsnd  R       _ressndiff       ressndiff  ivpcell     gpdk045  PLUS MINUS B
device        g45rnsnd  R      _resnsndiff      resnsndiff  ivpcell     gpdk045  PLUS MINUS B
device         g45rsnp  R       _ressnpoly       ressnpoly  ivpcell     gpdk045  PLUS MINUS B
device         g45rsnp  R    _ressnpoly_nw       ressnpoly  ivpcell     gpdk045  PLUS MINUS B
device        g45rnsnp  R      _resnsnpoly      resnsnpoly  ivpcell     gpdk045  PLUS MINUS B
device        g45rnsnp  R   _resnsnpoly_nw      resnsnpoly  ivpcell     gpdk045  PLUS MINUS B
device         g45rspd  R       _resspdiff       resspdiff  ivpcell     gpdk045  PLUS MINUS B
device        g45rnspd  R      _resnspdiff      resnspdiff  ivpcell     gpdk045  PLUS MINUS B
device         g45rspp  R       _ressppoly       ressppoly  ivpcell     gpdk045  PLUS MINUS B
device         g45rspp  R    _ressppoly_nw       ressppoly  ivpcell     gpdk045  PLUS MINUS B
device        g45rnspp  R      _resnsppoly      resnsppoly  ivpcell     gpdk045  PLUS MINUS B
device        g45rnspp  R   _resnsppoly_nw      resnsppoly  ivpcell     gpdk045  PLUS MINUS B
device         g45rnws  R        _resnwsti        resnwsti  ivpcell     gpdk045  PLUS MINUS B
device         g45rnwo  R      _resnwoxide      resnwoxide  ivpcell     gpdk045  PLUS MINUS B
device       g45nd1svt  D            _ndio            ndio  ivpcell     gpdk045  PLUS MINUS
device       g45nd1lvt  D        _ndio_lvt        ndio_lvt  ivpcell     gpdk045  PLUS MINUS
device       g45nd1hvt  D        _ndio_hvt        ndio_hvt  ivpcell     gpdk045  PLUS MINUS
device       g45nd1nvt  D        _ndio_nvt        ndio_nvt  ivpcell     gpdk045  PLUS MINUS
device       g45nd2svt  D         _ndio_2v         ndio_2v  ivpcell     gpdk045  PLUS MINUS
device       g45nd2nvt  D     _ndio_2v_nvt     ndio_2v_nvt  ivpcell     gpdk045  PLUS MINUS
device       g45pd1svt  D            _pdio            pdio  ivpcell     gpdk045  PLUS MINUS
device       g45pd1lvt  D        _pdio_lvt        pdio_lvt  ivpcell     gpdk045  PLUS MINUS
device       g45pd1hvt  D        _pdio_hvt        pdio_hvt  ivpcell     gpdk045  PLUS MINUS
device       g45pd2svt  D         _pdio_2v         pdio_2v  ivpcell     gpdk045  PLUS MINUS
device        g45vpnp2  Q           _vpnp2           vpnp2  ivpcell     gpdk045  C B E
device        g45vpnp5  Q           _vpnp5           vpnp5  ivpcell     gpdk045  C B E
device       g45vpnp10  Q          _vpnp10          vpnp10  ivpcell     gpdk045  C B E
device        g45vnpn2  Q            _npn2            npn2  ivpcell     gpdk045  C B E
device        g45vnpn5  Q            _npn5            npn5  ivpcell     gpdk045  C B E
device       g45vnpn10  Q           _npn10           npn10  ivpcell     gpdk045  C B E
device         g45cmim  C          _mimcap          mimcap  ivpcell     gpdk045  PLUS MINUS B
device         g45inda  X           _ind_a           ind_a  ivpcell     gpdk045  PLUS MINUS B
device         g45inds  X           _ind_s           ind_s  ivpcell     gpdk045  PLUS MINUS B

Creating extracted view for FS_TSPC_DET_copy

Save recognition layer _nmos1v
Layer _nmos1v has 18 shapes.
Save recognition layer _nmos1v_hvt
Layer _nmos1v_hvt has 0 shapes.
Save recognition layer _nmos1v_lvt
Layer _nmos1v_lvt has 0 shapes.
Save recognition layer _nmos_12_native
Layer _nmos_12_native has 0 shapes.
Save recognition layer _nmos_25
Layer _nmos_25 has 0 shapes.
Save recognition layer _nmos_25_native
Layer _nmos_25_native has 0 shapes.
Save recognition layer _nmoscap1v
Layer _nmoscap1v has 0 shapes.
Save recognition layer _nmoscap2v
Layer _nmoscap2v has 0 shapes.
Save recognition layer _pmos1v
Layer _pmos1v has 18 shapes.
Save recognition layer _pmos1v_hvt
Layer _pmos1v_hvt has 0 shapes.
Save recognition layer _pmos1v_lvt
Layer _pmos1v_lvt has 0 shapes.
Save recognition layer _pmos2v
Layer _pmos2v has 0 shapes.
Save recognition layer _pmoscap1v
Layer _pmoscap1v has 0 shapes.
Save recognition layer _pmoscap2v
Layer _pmoscap2v has 0 shapes.
Save recognition layer _resm1
Layer _resm1 has 0 shapes.
Save recognition layer _resm2
Layer _resm2 has 0 shapes.
Save recognition layer _resm3
Layer _resm3 has 0 shapes.
Save recognition layer _resm4
Layer _resm4 has 0 shapes.
Save recognition layer _resm5
Layer _resm5 has 0 shapes.
Save recognition layer _resm6
Layer _resm6 has 0 shapes.
Save recognition layer _resm7
Layer _resm7 has 0 shapes.
Save recognition layer _resm8
Layer _resm8 has 0 shapes.
Save recognition layer _resm9
Layer _resm9 has 0 shapes.
Save recognition layer _resm10
Layer _resm10 has 0 shapes.
Save recognition layer _resm11
Layer _resm11 has 0 shapes.
Save recognition layer _ressndiff
Layer _ressndiff has 0 shapes.
Save recognition layer _resnsndiff
Layer _resnsndiff has 0 shapes.
Save recognition layer _ressnpoly
Layer _ressnpoly has 0 shapes.
Save recognition layer _ressnpoly_nw
Layer _ressnpoly_nw has 0 shapes.
Save recognition layer _resnsnpoly
Layer _resnsnpoly has 0 shapes.
Save recognition layer _resnsnpoly_nw
Layer _resnsnpoly_nw has 0 shapes.
Save recognition layer _resspdiff
Layer _resspdiff has 0 shapes.
Save recognition layer _resnspdiff
Layer _resnspdiff has 0 shapes.
Save recognition layer _ressppoly
Layer _ressppoly has 0 shapes.
Save recognition layer _ressppoly_nw
Layer _ressppoly_nw has 0 shapes.
Save recognition layer _resnsppoly
Layer _resnsppoly has 0 shapes.
Save recognition layer _resnsppoly_nw
Layer _resnsppoly_nw has 0 shapes.
Save recognition layer _resnwsti
Layer _resnwsti has 0 shapes.
Save recognition layer _resnwoxide
Layer _resnwoxide has 0 shapes.
Save recognition layer _ndio
Layer _ndio has 0 shapes.
Save recognition layer _ndio_lvt
Layer _ndio_lvt has 0 shapes.
Save recognition layer _ndio_hvt
Layer _ndio_hvt has 0 shapes.
Save recognition layer _ndio_nvt
Layer _ndio_nvt has 0 shapes.
Save recognition layer _ndio_2v
Layer _ndio_2v has 0 shapes.
Save recognition layer _ndio_2v_nvt
Layer _ndio_2v_nvt has 0 shapes.
Save recognition layer _pdio
Layer _pdio has 0 shapes.
Save recognition layer _pdio_lvt
Layer _pdio_lvt has 0 shapes.
Save recognition layer _pdio_hvt
Layer _pdio_hvt has 0 shapes.
Save recognition layer _pdio_2v
Layer _pdio_2v has 0 shapes.
Save recognition layer _vpnp2
Layer _vpnp2 has 0 shapes.
Save recognition layer _vpnp5
Layer _vpnp5 has 0 shapes.
Save recognition layer _vpnp10
Layer _vpnp10 has 0 shapes.
Save recognition layer _npn2
Layer _npn2 has 0 shapes.
Save recognition layer _npn5
Layer _npn5 has 0 shapes.
Save recognition layer _npn10
Layer _npn10 has 0 shapes.
Save recognition layer _mimcap
Layer _mimcap has 0 shapes.
Save recognition layer _ind_a
Layer _ind_a has 0 shapes.
Save recognition layer _ind_s
Layer _ind_s has 0 shapes.
Copying layer Bondpad
Layer Bondpad has 0 shapes.
Copying layer ind11
Layer ind11 has 0 shapes.
Copying layer CapMetal
Layer CapMetal has 0 shapes.
Copying layer via10_cap
Layer via10_cap has 0 shapes.
Copying layer metal10_conn
Layer metal10_conn has 0 shapes.
Copying layer via10_nocap
Layer via10_nocap has 0 shapes.
Copying layer ind10
Layer ind10 has 0 shapes.
Copying layer ind_via_diva
Layer ind_via_diva has 0 shapes.
Copying layer via10_nodev
Layer via10_nodev has 0 shapes.
Copying layer ind_ct
Layer ind_ct has 0 shapes.
Copying layer metal9_conn
Layer metal9_conn has 0 shapes.
Copying layer Via9
Layer Via9 has 0 shapes.
Copying layer metal8_conn
Layer metal8_conn has 0 shapes.
Copying layer Via8
Layer Via8 has 0 shapes.
Copying layer metal7_conn
Layer metal7_conn has 0 shapes.
Copying layer Via7
Layer Via7 has 0 shapes.
Copying layer metal6_conn
Layer metal6_conn has 0 shapes.
Copying layer Via6
Layer Via6 has 0 shapes.
Copying layer metal5_conn
Layer metal5_conn has 0 shapes.
Copying layer Via5
Layer Via5 has 0 shapes.
Copying layer metal4_conn
Layer metal4_conn has 0 shapes.
Copying layer Via4
Layer Via4 has 0 shapes.
Copying layer metal3_conn
Layer metal3_conn has 0 shapes.
Copying layer Via3
Layer Via3 has 0 shapes.
Copying layer metal2_conn
Layer metal2_conn has 20 shapes.
Copying layer Via2
Layer Via2 has 0 shapes.
Copying layer metal1_conn
Layer metal1_conn has 233 shapes.
Copying layer Via1
Layer Via1 has 16 shapes.
Copying layer poly_conn
Layer poly_conn has 84 shapes.
Copying layer cont_poly
Layer cont_poly has 27 shapes.
Copying layer pdiff_conn
Layer pdiff_conn has 54 shapes.
Copying layer pdiff_conn
Layer pdiff_conn has 54 shapes.
Copying layer cont_pdiff
Layer cont_pdiff has 216 shapes.
Copying layer npn_emit
Layer npn_emit has 0 shapes.
Copying layer cont_ndiff
Layer cont_ndiff has 108 shapes.
Copying layer ndiff_conn
Layer ndiff_conn has 54 shapes.
Copying layer ndiff_conn
Layer ndiff_conn has 54 shapes.
Copying layer pnp_emit
Layer pnp_emit has 0 shapes.
Copying layer psubstrate
Layer psubstrate has 1 shapes.
Copying layer nwell_conn
Layer nwell_conn has 18 shapes.
Copying layer Nburied
Layer Nburied has 0 shapes.
Copying layer nb_tap
Layer nb_tap has 0 shapes.


Summary for DETFF/FS_TSPC_DET_copy/av_extracted

instance count totals:

    lib              cell             view                    total
    analogLib        pcapacitor       symbol                    243
    analogLib        presistor        symbol                    269
    gpdk045          nmos1v           ivpcell                    18
    gpdk045          pmos1v           ivpcell                    18

Extracted view creation has completed.
INFO (LBRCXU-114): Finished /mnt/cadence_tools/IC23.1/IC/bin/qrcToDfII

INFO (LBRCXM-582): Checking in license of QTS300 21.20

INFO (LBRCXM-985): Summary:
 Number of CPUs requested:		1
 Techfile(s):
    /mnt/cadence_tools/gpdk045_v_6_0/qrc/typical/qrcTechFile; process name: GPDK45_typical
 License(s) used:	QTS300 (x1)
 Design data:
    global nets:                  0
    LVS nets:                     26
    signal nets:                  26
    floating nets:                0
    ground net name:              gnd
 Reduction statistics:
    Dangling Rs removed:          89
    Merged Parallel Rs:           0
    Rs shorted by min_res option: 0
    Merged Parallel Self Caps:    0
    CCs filtered by minC option:  0
    Shorted Incomplete Nets:      0
 Output statistics:
    R: 269
    C: 243
    L: 0


INFO (LBRCXM-920): Host name and peak memory report
 Host Name:                    redhatacademy7
 Peak memory used:             403 MB (sampled at 15s intervals)

INFO (LBRCXM-982): Floating net statistics in the design:

   Total floating nets =  0
     Total signal nets =  26
         Total LVS net = 26

INFO (LBRCXM-702): Run ended: Mon Apr 13 15:28:44 2026


INFO (LBRCXM-805): Quantus run took:  4s user, 5s sys, 6s elapsed


INFO (LBRCXM-708): *****  Quantus terminated normally  *****


