Starting Single Run, Sweeps and Corners...

Current time: Sat May  9 17:38:59 2026 
Best design point: 1
Design specs: 
	DETFF_FNC_DET_tb_1	corner	C0_0 - 
	average((VT("/vdd") * IT("/I0/vdd")))		5.58u
	DETFF_FNC_DET_tb_1	corner	C0_1 - 
	average((VT("/vdd") * IT("/I0/vdd")))		5.522u
	DETFF_FNC_DET_tb_1	corner	C0_2 - 
	average((VT("/vdd") * IT("/I0/vdd")))		5.336u
	DETFF_FNC_DET_tb_1	corner	C1 - 
	average((VT("/vdd") * IT("/I0/vdd")))		6.52u
	DETFF_FNC_DET_tb_1	corner	C2 - 
	average((VT("/vdd") * IT("/I0/vdd")))		4.363u
	DETFF_FNC_DET_tb_1	corner	Nominal - 
	average((VT("/vdd") * IT("/I0/vdd")))		5.58u
Design parameters: 

ExplorerRun.0
Number of points completed: 1
Number of simulation errors: 0
ExplorerRun.0 completed. 
Current time: Sat May  9 17:39:21 2026 
