Checkout succeeded: 111/7F4AA659821D49C97DFB
	License file: 5280@172.16.201.225
	License Server: 5280@172.16.201.225
Virtuoso Framework License (111) was checked out successfully. Total checkout time was 0.01s.
Checkout succeeded: Virtuoso_Adv_Node_Framework/1F4A36F95539B91720EB
	License file: 5280@172.16.201.225
	License Server: 5280@172.16.201.225
********************************************************************************
Product   : Virtuoso(R) XStream Out
Program   : @(#)$CDS: strmout version IC23.1-64b 07/08/2025 22:22 (cpgbld17) $
          : sub-version  IC23.1-64b.ISR15.37 
Started at: 13-Apr-2026  06:44:34
User Name : redhatacademy7
Host Name : redhatacademy7
Directory : /home/redhatacademy7
CADENCE Design Systems, Inc.
********************************************************************************
Info: Cellview Rev Num:99,  Tech Rev Num:59

Loading gpdk045/libInit.il ...
	Loading gpdk045/loadCxt.ile ... done!
	Loading context 'gpdk045' from library 'gpdk045' ... done!
	Loading context 'pdkUtils' from library 'gpdk045' ... done!
	Loading gpdk045/gpdk045_customFilter.il ... done!
	Loading gpdk045/libInitCustomExit.il ... 
	Loading Environment Settings ...
	Loading gpdk045/gpdk045_PDKRegistrations.il ... done!

  *************************************************************           
  *              Cadence Design Systems, Inc.                 *           
  *                                                           *           
  *                    Generic 45nm PDK                       *           
  *                        (gpdk045)                          *           
  *                                                           *           
  *************************************************************           
	

	VERSION: 6.0 (09-September-2019)

done!
Loaded gpdk045/libInit.il successfully!
INFO (XSTRM-217): Reading the layer map file, /mnt/cadence_tools/gpdk045_v_6_0/gpdk045/gpdk045.layermap
WARNING (XSTRM-333): The '-enableColoring' option will be ignored during XStream Out. This is because there is no color entry in the layer map and the object map file.
INFO (XSTRM-427): Based on current hardware configuration, running XStream Out translation in multi-threaded mode with 4 threads.
INFO (XSTRM-162): You have not used the '-viaMap' option. If the OpenAccess design has native oaVia instances, use the '-viaMap' option for preserving oaVia instances in a XStream Out - XStream In round trip. Using the '-viaMap' option improves performance and VM usage of applications using the Streamed-In design.

Summary of Options :
library                                 DETFF
strmFile                                /home/redhatacademy7/DETFF/Proposed_STC_DET/lvs/Proposed_STC_DET.gds
topCell                                 Proposed_STC_DET
view                                    layout
runDir                                  /home/redhatacademy7/DETFF/Proposed_STC_DET/lvs
logFile                                 /home/redhatacademy7/DETFF/Proposed_STC_DET/lvs/PIPO1.LOG
techLib                                 gpdk045
hierDepth                               32
maxVertices                             2048
layerMap                                /mnt/cadence_tools/gpdk045_v_6_0/gpdk045/gpdk045.layermap
userSkillFile                           /home/redhatacademy7/DETFF/Proposed_STC_DET/lvs/strmout.il
labelDepth                              32
case                                    Preserve
convertDot                              node
convertPin                              geometryAndText

INFO (XSTRM-180): You have not used the '-objectMap' option. The design has instance(s) of at least one of following OpenAccess objects: oaBlockage, oaBoundary, oaRow, and oaMarker. Any information about these objects will not be translated into the generated stream file. Use the '-objectMap' option to translate/preserve these objects using XStream.
INFO (XSTRM-223): 1. Translating stdVia gpdk045/M1_PO/layout as STRUCTURE M1_PO_CDNS_776077074430.
INFO (XSTRM-223): 2. Translating stdVia gpdk045/M2_M1/layout as STRUCTURE M2_M1_CDNS_776077074431.
INFO (XSTRM-223): 3. Translating cellview gpdk045/nmos1v_3/layout as STRUCTURE nmos1v_3_CDNS_776077074430.
INFO (XSTRM-223): 4. Translating cellview gpdk045/pmos1v_3/layout as STRUCTURE pmos1v_3_CDNS_776077074431.
INFO (XSTRM-223): 5. Translating cellview DETFF/Proposed_STC_DET/layout as STRUCTURE Proposed_STC_DET.
INFO (XSTRM-317): The 'DETFF/Proposed_STC_DET/layout' has a pathSeg with diagonal orientation, or end style as custom or chamfer at (35995, 19055). This pathSeg will be translated as a boundary record in the GDS file during XStream Out.
INFO (XSTRM-317): The 'DETFF/Proposed_STC_DET/layout' has a pathSeg with diagonal orientation, or end style as custom or chamfer at (35995, 27625). This pathSeg will be translated as a boundary record in the GDS file during XStream Out.

Summary of Objects Translated:
	Scalar Instances:                       42
	Array Instances:                        0
	Polygons:                               0
	Paths:                                  0
	Rectangles:                             61
	Lines:                                  0
	Arcs:                                   0
	Donuts:                                 0
	Dots:                                   0
	Ellipses:                               0
	Boundaries:                             0
	Area Blockages:                         0
	Layer Blockages:                        0
	Area Halos:                             0
	Markers:                                0
	Rows:                                   0
	Stitch:                                 0
	Standard Vias                           78
	Custom Vias:                            0
	CdsGen Vias:                            0
	Pathsegs:                               333
	Text:                                   0
	TextDisplay:                            0
	Cells:                                  5

Elapsed Time: 0.2s   User Time: 0.1s   CPU Time: 0.0s   Peak VM: 34500KB
INFO (XSTRM-234): Translation completed. '0' error(s) and '1' warning(s) found.
